<?xml version="1.0"?>
<link_info>
   <banner>MSP430 Linker PC v4.3.3</banner>
   <copyright>Copyright (c) 2003-2014 Texas Instruments Incorporated</copyright>
   <link_time>0x545bc135</link_time>
   <link_errors>0x0</link_errors>
   <output_file>NodoUCC.out</output_file>
   <entry_point>
      <name>_c_int00</name>
      <address>0x9170</address>
   </entry_point>
   <input_file_list>
      <input_file id="fl-2">
         <path>.\</path>
         <kind>object</kind>
         <file>Network.obj</file>
         <name>Network.obj</name>
      </input_file>
      <input_file id="fl-3">
         <path>.\</path>
         <kind>object</kind>
         <file>TI_MSP_UART.obj</file>
         <name>TI_MSP_UART.obj</name>
      </input_file>
      <input_file id="fl-4">
         <path>.\</path>
         <kind>object</kind>
         <file>bsp.obj</file>
         <name>bsp.obj</name>
      </input_file>
      <input_file id="fl-5">
         <path>.\</path>
         <kind>object</kind>
         <file>hal_cc2500.obj</file>
         <name>hal_cc2500.obj</name>
      </input_file>
      <input_file id="fl-6">
         <path>.\</path>
         <kind>object</kind>
         <file>hal_pin.obj</file>
         <name>hal_pin.obj</name>
      </input_file>
      <input_file id="fl-7">
         <path>.\</path>
         <kind>object</kind>
         <file>hal_usci_spi.obj</file>
         <name>hal_usci_spi.obj</name>
      </input_file>
      <input_file id="fl-8">
         <path>.\</path>
         <kind>object</kind>
         <file>main.obj</file>
         <name>main.obj</name>
      </input_file>
      <input_file id="fl-36">
         <path>c:\ti\ccsv6\tools\compiler\msp430_4.3.3\lib\</path>
         <kind>archive</kind>
         <file>rts430_eabi.lib</file>
         <name>boot.obj</name>
      </input_file>
      <input_file id="fl-37">
         <path>c:\ti\ccsv6\tools\compiler\msp430_4.3.3\lib\</path>
         <kind>archive</kind>
         <file>rts430_eabi.lib</file>
         <name>copy_decompress_none.obj</name>
      </input_file>
      <input_file id="fl-38">
         <path>c:\ti\ccsv6\tools\compiler\msp430_4.3.3\lib\</path>
         <kind>archive</kind>
         <file>rts430_eabi.lib</file>
         <name>copy_decompress_rle.obj</name>
      </input_file>
      <input_file id="fl-39">
         <path>c:\ti\ccsv6\tools\compiler\msp430_4.3.3\lib\</path>
         <kind>archive</kind>
         <file>rts430_eabi.lib</file>
         <name>copy_zero_init.obj</name>
      </input_file>
      <input_file id="fl-3a">
         <path>c:\ti\ccsv6\tools\compiler\msp430_4.3.3\lib\</path>
         <kind>archive</kind>
         <file>rts430_eabi.lib</file>
         <name>epilog.obj</name>
      </input_file>
      <input_file id="fl-3b">
         <path>c:\ti\ccsv6\tools\compiler\msp430_4.3.3\lib\</path>
         <kind>archive</kind>
         <file>rts430_eabi.lib</file>
         <name>exit.obj</name>
      </input_file>
      <input_file id="fl-3c">
         <path>c:\ti\ccsv6\tools\compiler\msp430_4.3.3\lib\</path>
         <kind>archive</kind>
         <file>rts430_eabi.lib</file>
         <name>int02.obj</name>
      </input_file>
      <input_file id="fl-3d">
         <path>c:\ti\ccsv6\tools\compiler\msp430_4.3.3\lib\</path>
         <kind>archive</kind>
         <file>rts430_eabi.lib</file>
         <name>int05.obj</name>
      </input_file>
      <input_file id="fl-3e">
         <path>c:\ti\ccsv6\tools\compiler\msp430_4.3.3\lib\</path>
         <kind>archive</kind>
         <file>rts430_eabi.lib</file>
         <name>int06.obj</name>
      </input_file>
      <input_file id="fl-3f">
         <path>c:\ti\ccsv6\tools\compiler\msp430_4.3.3\lib\</path>
         <kind>archive</kind>
         <file>rts430_eabi.lib</file>
         <name>int09.obj</name>
      </input_file>
      <input_file id="fl-40">
         <path>c:\ti\ccsv6\tools\compiler\msp430_4.3.3\lib\</path>
         <kind>archive</kind>
         <file>rts430_eabi.lib</file>
         <name>int10.obj</name>
      </input_file>
      <input_file id="fl-41">
         <path>c:\ti\ccsv6\tools\compiler\msp430_4.3.3\lib\</path>
         <kind>archive</kind>
         <file>rts430_eabi.lib</file>
         <name>int12.obj</name>
      </input_file>
      <input_file id="fl-42">
         <path>c:\ti\ccsv6\tools\compiler\msp430_4.3.3\lib\</path>
         <kind>archive</kind>
         <file>rts430_eabi.lib</file>
         <name>int13.obj</name>
      </input_file>
      <input_file id="fl-43">
         <path>c:\ti\ccsv6\tools\compiler\msp430_4.3.3\lib\</path>
         <kind>archive</kind>
         <file>rts430_eabi.lib</file>
         <name>int14.obj</name>
      </input_file>
      <input_file id="fl-44">
         <path>c:\ti\ccsv6\tools\compiler\msp430_4.3.3\lib\</path>
         <kind>archive</kind>
         <file>rts430_eabi.lib</file>
         <name>isr_trap.obj</name>
      </input_file>
      <input_file id="fl-45">
         <path>c:\ti\ccsv6\tools\compiler\msp430_4.3.3\lib\</path>
         <kind>archive</kind>
         <file>rts430_eabi.lib</file>
         <name>memcpy.obj</name>
      </input_file>
      <input_file id="fl-46">
         <path>c:\ti\ccsv6\tools\compiler\msp430_4.3.3\lib\</path>
         <kind>archive</kind>
         <file>rts430_eabi.lib</file>
         <name>memset.obj</name>
      </input_file>
      <input_file id="fl-47">
         <path>c:\ti\ccsv6\tools\compiler\msp430_4.3.3\lib\</path>
         <kind>archive</kind>
         <file>rts430_eabi.lib</file>
         <name>mpu_init.obj</name>
      </input_file>
      <input_file id="fl-48">
         <path>c:\ti\ccsv6\tools\compiler\msp430_4.3.3\lib\</path>
         <kind>archive</kind>
         <file>rts430_eabi.lib</file>
         <name>mult16.obj</name>
      </input_file>
      <input_file id="fl-49">
         <path>c:\ti\ccsv6\tools\compiler\msp430_4.3.3\lib\</path>
         <kind>archive</kind>
         <file>rts430_eabi.lib</file>
         <name>pre_init.obj</name>
      </input_file>
      <input_file id="fl-4a">
         <path>c:\ti\ccsv6\tools\compiler\msp430_4.3.3\lib\</path>
         <kind>archive</kind>
         <file>rts430_eabi.lib</file>
         <name>strncmp.obj</name>
      </input_file>
      <input_file id="fl-4b">
         <path>c:\ti\ccsv6\tools\compiler\msp430_4.3.3\lib\</path>
         <kind>archive</kind>
         <file>rts430_eabi.lib</file>
         <name>_lock.obj</name>
      </input_file>
      <input_file id="fl-4c">
         <path>c:\ti\ccsv6\tools\compiler\msp430_4.3.3\lib\</path>
         <kind>archive</kind>
         <file>rts430_eabi.lib</file>
         <name>args_main.obj</name>
      </input_file>
      <input_file id="fl-4d">
         <path>c:\ti\ccsv6\tools\compiler\msp430_4.3.3\lib\</path>
         <kind>archive</kind>
         <file>rts430_eabi.lib</file>
         <name>autoinit.obj</name>
      </input_file>
   </input_file_list>
   <object_component_list>
      <object_component id="oc-50">
         <name>.stack</name>
         <uninitialized>true</uninitialized>
         <run_address>0x5b0</run_address>
         <size>0x2</size>
         <input_file_ref idref="fl-36"/>
      </object_component>
      <object_component id="oc-380">
         <name>.stack</name>
         <uninitialized>true</uninitialized>
         <run_address>0x5b0</run_address>
         <size>0x0</size>
      </object_component>
      <object_component id="oc-263">
         <name>.text:hal_pin_config</name>
         <load_address>0x8000</load_address>
         <run_address>0x8000</run_address>
         <size>0x202</size>
         <input_file_ref idref="fl-6"/>
      </object_component>
      <object_component id="oc-1a0">
         <name>.text:hal_cc2500_WriteRFSettings</name>
         <load_address>0x8202</load_address>
         <run_address>0x8202</run_address>
         <size>0x194</size>
         <input_file_ref idref="fl-5"/>
      </object_component>
      <object_component id="oc-e3">
         <name>.text:bsp_Init</name>
         <load_address>0x8396</load_address>
         <run_address>0x8396</run_address>
         <size>0x100</size>
         <input_file_ref idref="fl-4"/>
      </object_component>
      <object_component id="oc-c3">
         <name>.text:hal_cc2500_receivePacket</name>
         <load_address>0x8496</load_address>
         <run_address>0x8496</run_address>
         <size>0xfa</size>
         <input_file_ref idref="fl-5"/>
      </object_component>
      <object_component id="oc-216">
         <name>.text:net_analizarTrama</name>
         <load_address>0x8590</load_address>
         <run_address>0x8590</run_address>
         <size>0xf6</size>
         <input_file_ref idref="fl-2"/>
      </object_component>
      <object_component id="oc-107">
         <name>.text:analizar_trama_uartrx_led</name>
         <load_address>0x8686</load_address>
         <run_address>0x8686</run_address>
         <size>0xca</size>
         <input_file_ref idref="fl-8"/>
      </object_component>
      <object_component id="oc-f2">
         <name>.text:analizar_trama_uartrx_rele</name>
         <load_address>0x8750</load_address>
         <run_address>0x8750</run_address>
         <size>0xca</size>
         <input_file_ref idref="fl-8"/>
      </object_component>
      <object_component id="oc-282">
         <name>.text:hal_cc2500_sendPacket</name>
         <load_address>0x881a</load_address>
         <run_address>0x881a</run_address>
         <size>0xb4</size>
         <input_file_ref idref="fl-5"/>
      </object_component>
      <object_component id="oc-77">
         <name>.text:main</name>
         <load_address>0x88ce</load_address>
         <run_address>0x88ce</run_address>
         <size>0x9a</size>
         <input_file_ref idref="fl-8"/>
      </object_component>
      <object_component id="oc-ec">
         <name>.text:analizar_dato_uartrx</name>
         <load_address>0x8968</load_address>
         <run_address>0x8968</run_address>
         <size>0x8c</size>
         <input_file_ref idref="fl-8"/>
      </object_component>
      <object_component id="oc-101">
         <name>.text:net_SendRequest</name>
         <load_address>0x89f4</load_address>
         <run_address>0x89f4</run_address>
         <size>0x6c</size>
         <input_file_ref idref="fl-2"/>
      </object_component>
      <object_component id="oc-10d">
         <name>.text:net_prossesNetwork</name>
         <load_address>0x8a60</load_address>
         <run_address>0x8a60</run_address>
         <size>0x6a</size>
         <input_file_ref idref="fl-2"/>
      </object_component>
      <object_component id="oc-98">
         <name>.text:__TI_decompress_rle_core</name>
         <load_address>0x8aca</load_address>
         <run_address>0x8aca</run_address>
         <size>0x5e</size>
         <input_file_ref idref="fl-38"/>
      </object_component>
      <object_component id="oc-71">
         <name>.text:_auto_init</name>
         <load_address>0x8b28</load_address>
         <run_address>0x8b28</run_address>
         <size>0x5e</size>
         <input_file_ref idref="fl-4d"/>
      </object_component>
      <object_component id="oc-59">
         <name>.text:Port2_ISR</name>
         <load_address>0x8b86</load_address>
         <run_address>0x8b86</run_address>
         <size>0x5a</size>
         <input_file_ref idref="fl-4"/>
      </object_component>
      <object_component id="oc-1dd">
         <name>.text:net_sendtrama</name>
         <load_address>0x8be0</load_address>
         <run_address>0x8be0</run_address>
         <size>0x5a</size>
         <input_file_ref idref="fl-2"/>
      </object_component>
      <object_component id="oc-2fb">
         <name>.text:hal_cc2500_writeBurstReg</name>
         <load_address>0x8c3a</load_address>
         <run_address>0x8c3a</run_address>
         <size>0x54</size>
         <input_file_ref idref="fl-5"/>
      </object_component>
      <object_component id="oc-161">
         <name>.text:hal_cc2500_readBurstReg</name>
         <load_address>0x8c8e</load_address>
         <run_address>0x8c8e</run_address>
         <size>0x4a</size>
         <input_file_ref idref="fl-5"/>
      </object_component>
      <object_component id="oc-2a6">
         <name>.text:net_SendResponse</name>
         <load_address>0x8cd8</load_address>
         <run_address>0x8cd8</run_address>
         <size>0x48</size>
         <input_file_ref idref="fl-2"/>
      </object_component>
      <object_component id="oc-2b4">
         <name>.text:app_comando_reqLed</name>
         <load_address>0x8d20</load_address>
         <run_address>0x8d20</run_address>
         <size>0x40</size>
         <input_file_ref idref="fl-8"/>
      </object_component>
      <object_component id="oc-2ad">
         <name>.text:app_comando_reqRele</name>
         <load_address>0x8d60</load_address>
         <run_address>0x8d60</run_address>
         <size>0x40</size>
         <input_file_ref idref="fl-8"/>
      </object_component>
      <object_component id="oc-273">
         <name>.text:hal_cc2500_writeReg</name>
         <load_address>0x8da0</load_address>
         <run_address>0x8da0</run_address>
         <size>0x40</size>
         <input_file_ref idref="fl-5"/>
      </object_component>
      <object_component id="oc-1a6">
         <name>.text:Init_UART</name>
         <load_address>0x8de0</load_address>
         <run_address>0x8de0</run_address>
         <size>0x3c</size>
         <input_file_ref idref="fl-3"/>
      </object_component>
      <object_component id="oc-22f">
         <name>.text:hal_pin_out</name>
         <load_address>0x8e1c</load_address>
         <run_address>0x8e1c</run_address>
         <size>0x38</size>
         <input_file_ref idref="fl-6"/>
      </object_component>
      <object_component id="oc-65">
         <name>.text:Ta1_ISR</name>
         <load_address>0x8e54</load_address>
         <run_address>0x8e54</run_address>
         <size>0x34</size>
         <input_file_ref idref="fl-4"/>
      </object_component>
      <object_component id="oc-15b">
         <name>.text:hal_cc2500_readReg</name>
         <load_address>0x8e88</load_address>
         <run_address>0x8e88</run_address>
         <size>0x34</size>
         <input_file_ref idref="fl-5"/>
      </object_component>
      <object_component id="oc-14f">
         <name>.text:hal_cc2500_readStatus</name>
         <load_address>0x8ebc</load_address>
         <run_address>0x8ebc</run_address>
         <size>0x34</size>
         <input_file_ref idref="fl-5"/>
      </object_component>
      <object_component id="oc-307">
         <name>.text:hal_cc2500_status</name>
         <load_address>0x8ef0</load_address>
         <run_address>0x8ef0</run_address>
         <size>0x30</size>
         <input_file_ref idref="fl-5"/>
      </object_component>
      <object_component id="oc-155">
         <name>.text:hal_cc2500_strobe</name>
         <load_address>0x8f20</load_address>
         <run_address>0x8f20</run_address>
         <size>0x2e</size>
         <input_file_ref idref="fl-5"/>
      </object_component>
      <object_component id="oc-194">
         <name>.text:spi1_setup</name>
         <load_address>0x8f4e</load_address>
         <run_address>0x8f4e</run_address>
         <size>0x2e</size>
         <input_file_ref idref="fl-7"/>
      </object_component>
      <object_component id="oc-114">
         <name>.text:UART_Tx_string</name>
         <load_address>0x8f7c</load_address>
         <run_address>0x8f7c</run_address>
         <size>0x2c</size>
         <input_file_ref idref="fl-3"/>
      </object_component>
      <object_component id="oc-241">
         <name>.text:spi1_wr</name>
         <load_address>0x8fa8</load_address>
         <run_address>0x8fa8</run_address>
         <size>0x2c</size>
         <input_file_ref idref="fl-7"/>
      </object_component>
      <object_component id="oc-203">
         <name>.text:rf_getRxPacket</name>
         <load_address>0x8fd4</load_address>
         <run_address>0x8fd4</run_address>
         <size>0x2a</size>
         <input_file_ref idref="fl-4"/>
      </object_component>
      <object_component id="oc-cb">
         <name>.text:APP_ISR_uartrx</name>
         <load_address>0x8ffe</load_address>
         <run_address>0x8ffe</run_address>
         <size>0x28</size>
         <input_file_ref idref="fl-8"/>
      </object_component>
      <object_component id="oc-19a">
         <name>.text:hal_cc2500_powerupReset</name>
         <load_address>0x9026</load_address>
         <run_address>0x9026</run_address>
         <size>0x28</size>
         <input_file_ref idref="fl-5"/>
      </object_component>
      <object_component id="oc-1b9">
         <name>.text:strncmp</name>
         <load_address>0x904e</load_address>
         <run_address>0x904e</run_address>
         <size>0x26</size>
         <input_file_ref idref="fl-4a"/>
      </object_component>
      <object_component id="oc-235">
         <name>.text:hal_cc2500_wakeup</name>
         <load_address>0x9074</load_address>
         <run_address>0x9074</run_address>
         <size>0x24</size>
         <input_file_ref idref="fl-5"/>
      </object_component>
      <object_component id="oc-183">
         <name>.text:hal_pin_init</name>
         <load_address>0x9098</load_address>
         <run_address>0x9098</run_address>
         <size>0x22</size>
         <input_file_ref idref="fl-6"/>
      </object_component>
      <object_component id="oc-5f">
         <name>.text:ISR_UartRx</name>
         <load_address>0x90ba</load_address>
         <run_address>0x90ba</run_address>
         <size>0x20</size>
         <input_file_ref idref="fl-4"/>
      </object_component>
      <object_component id="oc-2d9">
         <name>.text:hal_pin_in</name>
         <load_address>0x90da</load_address>
         <run_address>0x90da</run_address>
         <size>0x20</size>
         <input_file_ref idref="fl-6"/>
      </object_component>
      <object_component id="oc-b0">
         <name>.text:hal_pin_intGetFlag</name>
         <load_address>0x90fa</load_address>
         <run_address>0x90fa</run_address>
         <size>0x20</size>
         <input_file_ref idref="fl-6"/>
      </object_component>
      <object_component id="oc-2ea">
         <name>.text:spi1_rxFinish</name>
         <load_address>0x911a</load_address>
         <run_address>0x911a</run_address>
         <size>0x1e</size>
         <input_file_ref idref="fl-7"/>
      </object_component>
      <object_component id="oc-1d5">
         <name>.text:chksum</name>
         <load_address>0x9138</load_address>
         <run_address>0x9138</run_address>
         <size>0x1c</size>
         <input_file_ref idref="fl-2"/>
      </object_component>
      <object_component id="oc-23b">
         <name>.text:spi1_write</name>
         <load_address>0x9154</load_address>
         <run_address>0x9154</run_address>
         <size>0x1c</size>
         <input_file_ref idref="fl-7"/>
      </object_component>
      <object_component id="oc-38">
         <name>.text:_c_int00_noexit</name>
         <load_address>0x9170</load_address>
         <run_address>0x9170</run_address>
         <size>0x1a</size>
         <input_file_ref idref="fl-36"/>
      </object_component>
      <object_component id="oc-b6">
         <name>.text:hal_pin_intClearFlag</name>
         <load_address>0x918a</load_address>
         <run_address>0x918a</run_address>
         <size>0x18</size>
         <input_file_ref idref="fl-6"/>
      </object_component>
      <object_component id="oc-301">
         <name>.text:hal_pin_intDisable</name>
         <load_address>0x91a2</load_address>
         <run_address>0x91a2</run_address>
         <size>0x18</size>
         <input_file_ref idref="fl-6"/>
      </object_component>
      <object_component id="oc-30d">
         <name>.text:hal_pin_intEnable</name>
         <load_address>0x91ba</load_address>
         <run_address>0x91ba</run_address>
         <size>0x18</size>
         <input_file_ref idref="fl-6"/>
      </object_component>
      <object_component id="oc-2e1">
         <name>.text:spi1_txBufReady</name>
         <load_address>0x91d2</load_address>
         <run_address>0x91d2</run_address>
         <size>0x18</size>
         <input_file_ref idref="fl-7"/>
      </object_component>
      <object_component id="oc-f8">
         <name>.text:borrar_uartrx_buffer</name>
         <load_address>0x91ea</load_address>
         <run_address>0x91ea</run_address>
         <size>0x16</size>
         <input_file_ref idref="fl-8"/>
      </object_component>
      <object_component id="oc-44">
         <name>.text:decompress:ZI:__TI_zero_init</name>
         <load_address>0x9200</load_address>
         <run_address>0x9200</run_address>
         <size>0x14</size>
         <input_file_ref idref="fl-39"/>
      </object_component>
      <object_component id="oc-296">
         <name>.text:memset</name>
         <load_address>0x9214</load_address>
         <run_address>0x9214</run_address>
         <size>0x14</size>
         <input_file_ref idref="fl-46"/>
      </object_component>
      <object_component id="oc-136">
         <name>.text</name>
         <load_address>0x9228</load_address>
         <run_address>0x9228</run_address>
         <size>0x14</size>
         <input_file_ref idref="fl-48"/>
      </object_component>
      <object_component id="oc-169">
         <name>.text:UART_Rx_char</name>
         <load_address>0x923c</load_address>
         <run_address>0x923c</run_address>
         <size>0x12</size>
         <input_file_ref idref="fl-4"/>
      </object_component>
      <object_component id="oc-3e">
         <name>.text:decompress:none:__TI_decompress_none</name>
         <load_address>0x924e</load_address>
         <run_address>0x924e</run_address>
         <size>0x12</size>
         <input_file_ref idref="fl-37"/>
      </object_component>
      <object_component id="oc-84">
         <name>.text:memcpy</name>
         <load_address>0x9260</load_address>
         <run_address>0x9260</run_address>
         <size>0x12</size>
         <input_file_ref idref="fl-45"/>
      </object_component>
      <object_component id="oc-d4">
         <name>.text:net_1ms_ISR</name>
         <load_address>0x9272</load_address>
         <run_address>0x9272</run_address>
         <size>0x12</size>
         <input_file_ref idref="fl-2"/>
      </object_component>
      <object_component id="oc-dc">
         <name>.text</name>
         <load_address>0x9284</load_address>
         <run_address>0x9284</run_address>
         <size>0x10</size>
         <input_file_ref idref="fl-3a"/>
      </object_component>
      <object_component id="oc-253">
         <name>.text:UART_Tx_char</name>
         <load_address>0x9294</load_address>
         <run_address>0x9294</run_address>
         <size>0xc</size>
         <input_file_ref idref="fl-3"/>
      </object_component>
      <object_component id="oc-209">
         <name>.text:bsp_DelayMs</name>
         <load_address>0x92a0</load_address>
         <run_address>0x92a0</run_address>
         <size>0xc</size>
         <input_file_ref idref="fl-4"/>
      </object_component>
      <object_component id="oc-248">
         <name>.text:spi1_busy</name>
         <load_address>0x92ac</load_address>
         <run_address>0x92ac</run_address>
         <size>0xc</size>
         <input_file_ref idref="fl-7"/>
      </object_component>
      <object_component id="oc-210">
         <name>.text:led_Off</name>
         <load_address>0x92b8</load_address>
         <run_address>0x92b8</run_address>
         <size>0x8</size>
         <input_file_ref idref="fl-4"/>
      </object_component>
      <object_component id="oc-1fc">
         <name>.text:led_On</name>
         <load_address>0x92c0</load_address>
         <run_address>0x92c0</run_address>
         <size>0x8</size>
         <input_file_ref idref="fl-4"/>
      </object_component>
      <object_component id="oc-322">
         <name>.text:rele_Off</name>
         <load_address>0x92c8</load_address>
         <run_address>0x92c8</run_address>
         <size>0x8</size>
         <input_file_ref idref="fl-4"/>
      </object_component>
      <object_component id="oc-329">
         <name>.text:rele_On</name>
         <load_address>0x92d0</load_address>
         <run_address>0x92d0</run_address>
         <size>0x8</size>
         <input_file_ref idref="fl-4"/>
      </object_component>
      <object_component id="oc-1f5">
         <name>.text:rf_rxDataReady</name>
         <load_address>0x92d8</load_address>
         <run_address>0x92d8</run_address>
         <size>0x8</size>
         <input_file_ref idref="fl-4"/>
      </object_component>
      <object_component id="oc-54">
         <name>.text:__TI_ISR_TRAP</name>
         <load_address>0x92e0</load_address>
         <run_address>0x92e0</run_address>
         <size>0x6</size>
         <input_file_ref idref="fl-44"/>
      </object_component>
      <object_component id="oc-4a">
         <name>.text:decompress:rle24:__TI_decompress_rle24</name>
         <load_address>0x92e6</load_address>
         <run_address>0x92e6</run_address>
         <size>0x6</size>
         <input_file_ref idref="fl-38"/>
      </object_component>
      <object_component id="oc-6b">
         <name>.text:_system_pre_init</name>
         <load_address>0x92ec</load_address>
         <run_address>0x92ec</run_address>
         <size>0x4</size>
         <input_file_ref idref="fl-49"/>
      </object_component>
      <object_component id="oc-7d">
         <name>.text:abort</name>
         <load_address>0x92f0</load_address>
         <run_address>0x92f0</run_address>
         <size>0x4</size>
         <input_file_ref idref="fl-3b"/>
      </object_component>
      <object_component id="oc-2bb">
         <name>.text:app_comando_reqTemp</name>
         <load_address>0x92f4</load_address>
         <run_address>0x92f4</run_address>
         <size>0x2</size>
         <input_file_ref idref="fl-8"/>
      </object_component>
      <object_component id="oc-2cc">
         <name>.text:app_comando_respTemp</name>
         <load_address>0x92f6</load_address>
         <run_address>0x92f6</run_address>
         <size>0x2</size>
         <input_file_ref idref="fl-8"/>
      </object_component>
      <object_component id="oc-37f">
         <name>.cinit..data.load</name>
         <load_address>0x94d8</load_address>
         <run_address>0x94d8</run_address>
         <size>0xd</size>
      </object_component>
      <object_component id="oc-37c">
         <name>__TI_handler_table</name>
         <load_address>0x94e6</load_address>
         <run_address>0x94e6</run_address>
         <size>0x6</size>
      </object_component>
      <object_component id="oc-37e">
         <name>.cinit..bss.load</name>
         <load_address>0x94ec</load_address>
         <run_address>0x94ec</run_address>
         <size>0x4</size>
      </object_component>
      <object_component id="oc-37d">
         <name>__TI_cinit_table</name>
         <load_address>0x94f0</load_address>
         <run_address>0x94f0</run_address>
         <size>0x8</size>
      </object_component>
      <object_component id="oc-113">
         <name>.const:.string</name>
         <load_address>0x92f8</load_address>
         <run_address>0x92f8</run_address>
         <size>0xe6</size>
         <input_file_ref idref="fl-8"/>
      </object_component>
      <object_component id="oc-ad">
         <name>.const</name>
         <load_address>0x93de</load_address>
         <run_address>0x93de</run_address>
         <size>0xaa</size>
         <input_file_ref idref="fl-4"/>
      </object_component>
      <object_component id="oc-13b">
         <name>.const:pinPort</name>
         <load_address>0x9488</load_address>
         <run_address>0x9488</run_address>
         <size>0x50</size>
         <input_file_ref idref="fl-6"/>
      </object_component>
      <object_component id="oc-2d">
         <name>.int02</name>
         <load_address>0xffe4</load_address>
         <run_address>0xffe4</run_address>
         <size>0x2</size>
         <input_file_ref idref="fl-3c"/>
      </object_component>
      <object_component id="oc-2e">
         <name>.int03</name>
         <load_address>0xffe6</load_address>
         <run_address>0xffe6</run_address>
         <size>0x2</size>
         <input_file_ref idref="fl-4"/>
      </object_component>
      <object_component id="oc-2f">
         <name>.int05</name>
         <load_address>0xffea</load_address>
         <run_address>0xffea</run_address>
         <size>0x2</size>
         <input_file_ref idref="fl-3d"/>
      </object_component>
      <object_component id="oc-30">
         <name>.int06</name>
         <load_address>0xffec</load_address>
         <run_address>0xffec</run_address>
         <size>0x2</size>
         <input_file_ref idref="fl-3e"/>
      </object_component>
      <object_component id="oc-31">
         <name>.int07</name>
         <load_address>0xffee</load_address>
         <run_address>0xffee</run_address>
         <size>0x2</size>
         <input_file_ref idref="fl-4"/>
      </object_component>
      <object_component id="oc-32">
         <name>.int08</name>
         <load_address>0xfff0</load_address>
         <run_address>0xfff0</run_address>
         <size>0x2</size>
         <input_file_ref idref="fl-4"/>
      </object_component>
      <object_component id="oc-33">
         <name>.int09</name>
         <load_address>0xfff2</load_address>
         <run_address>0xfff2</run_address>
         <size>0x2</size>
         <input_file_ref idref="fl-3f"/>
      </object_component>
      <object_component id="oc-34">
         <name>.int10</name>
         <load_address>0xfff4</load_address>
         <run_address>0xfff4</run_address>
         <size>0x2</size>
         <input_file_ref idref="fl-40"/>
      </object_component>
      <object_component id="oc-35">
         <name>.int12</name>
         <load_address>0xfff8</load_address>
         <run_address>0xfff8</run_address>
         <size>0x2</size>
         <input_file_ref idref="fl-41"/>
      </object_component>
      <object_component id="oc-36">
         <name>.int13</name>
         <load_address>0xfffa</load_address>
         <run_address>0xfffa</run_address>
         <size>0x2</size>
         <input_file_ref idref="fl-42"/>
      </object_component>
      <object_component id="oc-37">
         <name>.int14</name>
         <load_address>0xfffc</load_address>
         <run_address>0xfffc</run_address>
         <size>0x2</size>
         <input_file_ref idref="fl-43"/>
      </object_component>
      <object_component id="oc-53">
         <name>.reset</name>
         <load_address>0xfffe</load_address>
         <run_address>0xfffe</run_address>
         <size>0x2</size>
         <input_file_ref idref="fl-36"/>
      </object_component>
      <object_component id="oc-289">
         <name>.common:LedRojo</name>
         <uninitialized>true</uninitialized>
         <run_address>0x242</run_address>
         <size>0x2</size>
      </object_component>
      <object_component id="oc-20f">
         <name>.common:LedVerde</name>
         <uninitialized>true</uninitialized>
         <run_address>0x244</run_address>
         <size>0x2</size>
      </object_component>
      <object_component id="oc-319">
         <name>.common:rxTrama</name>
         <uninitialized>true</uninitialized>
         <run_address>0x212</run_address>
         <size>0x12</size>
      </object_component>
      <object_component id="oc-31f">
         <name>.common:txTrama</name>
         <uninitialized>true</uninitialized>
         <run_address>0x224</run_address>
         <size>0x12</size>
      </object_component>
      <object_component id="oc-2d3">
         <name>.common:netFlags</name>
         <uninitialized>true</uninitialized>
         <run_address>0x25b</run_address>
         <size>0x1</size>
      </object_component>
      <object_component id="oc-2a4">
         <name>.common:idTramaRx</name>
         <uninitialized>true</uninitialized>
         <run_address>0x25a</run_address>
         <size>0x1</size>
      </object_component>
      <object_component id="oc-2d4">
         <name>.common:timeout_ack</name>
         <uninitialized>true</uninitialized>
         <run_address>0x258</run_address>
         <size>0x2</size>
      </object_component>
      <object_component id="oc-222">
         <name>.common:req_retrans</name>
         <uninitialized>true</uninitialized>
         <run_address>0x25c</run_address>
         <size>0x1</size>
      </object_component>
      <object_component id="oc-290">
         <name>.common:rxBuffer</name>
         <uninitialized>true</uninitialized>
         <run_address>0x200</run_address>
         <size>0x12</size>
      </object_component>
      <object_component id="oc-bf">
         <name>.common:rxAddr</name>
         <uninitialized>true</uninitialized>
         <run_address>0x25d</run_address>
         <size>0x1</size>
      </object_component>
      <object_component id="oc-293">
         <name>.common:bsp_contMs</name>
         <uninitialized>true</uninitialized>
         <run_address>0x254</run_address>
         <size>0x2</size>
      </object_component>
      <object_component id="oc-28f">
         <name>.common:bspFlags</name>
         <uninitialized>true</uninitialized>
         <run_address>0x23d</run_address>
         <size>0x1</size>
      </object_component>
      <object_component id="oc-33c">
         <name>.common:spiBaseAdd</name>
         <uninitialized>true</uninitialized>
         <run_address>0x256</run_address>
         <size>0x2</size>
      </object_component>
      <object_component id="oc-1f3">
         <name>.common:rx</name>
         <uninitialized>true</uninitialized>
         <run_address>0x236</run_address>
         <size>0x7</size>
      </object_component>
      <object_component id="oc-18b">
         <name>.common:Sw</name>
         <uninitialized>true</uninitialized>
         <run_address>0x24a</run_address>
         <size>0x2</size>
      </object_component>
      <object_component id="oc-335">
         <name>.common:Led1</name>
         <uninitialized>true</uninitialized>
         <run_address>0x23e</run_address>
         <size>0x2</size>
      </object_component>
      <object_component id="oc-333">
         <name>.common:Led2</name>
         <uninitialized>true</uninitialized>
         <run_address>0x240</run_address>
         <size>0x2</size>
      </object_component>
      <object_component id="oc-18e">
         <name>.common:Sw1</name>
         <uninitialized>true</uninitialized>
         <run_address>0x24c</run_address>
         <size>0x2</size>
      </object_component>
      <object_component id="oc-18f">
         <name>.common:Sw2</name>
         <uninitialized>true</uninitialized>
         <run_address>0x24e</run_address>
         <size>0x2</size>
      </object_component>
      <object_component id="oc-190">
         <name>.common:Sw3</name>
         <uninitialized>true</uninitialized>
         <run_address>0x250</run_address>
         <size>0x2</size>
      </object_component>
      <object_component id="oc-191">
         <name>.common:Sw4</name>
         <uninitialized>true</uninitialized>
         <run_address>0x252</run_address>
         <size>0x2</size>
      </object_component>
      <object_component id="oc-330">
         <name>.common:Rele1</name>
         <uninitialized>true</uninitialized>
         <run_address>0x246</run_address>
         <size>0x2</size>
      </object_component>
      <object_component id="oc-328">
         <name>.common:Rele2</name>
         <uninitialized>true</uninitialized>
         <run_address>0x248</run_address>
         <size>0x2</size>
      </object_component>
      <object_component id="oc-bc">
         <name>.data</name>
         <load_address>0x26a</load_address>
         <run_address>0x26a</run_address>
         <size>0x1</size>
         <input_file_ref idref="fl-4"/>
      </object_component>
      <object_component id="oc-e9">
         <name>.data</name>
         <load_address>0x26b</load_address>
         <run_address>0x26b</run_address>
         <size>0x1</size>
         <input_file_ref idref="fl-8"/>
      </object_component>
      <object_component id="oc-fe">
         <name>.data:datos</name>
         <load_address>0x25e</load_address>
         <run_address>0x25e</run_address>
         <size>0xa</size>
         <input_file_ref idref="fl-8"/>
      </object_component>
      <object_component id="oc-1cc">
         <name>.data</name>
         <load_address>0x268</load_address>
         <run_address>0x268</run_address>
         <size>0x2</size>
         <input_file_ref idref="fl-2"/>
      </object_component>
      <object_component id="oc-39">
         <name>.debug_info</name>
         <load_address>0x0</load_address>
         <run_address>0x0</run_address>
         <size>0x125</size>
         <input_file_ref idref="fl-36"/>
      </object_component>
      <object_component id="oc-3f">
         <name>.debug_info</name>
         <load_address>0x125</load_address>
         <run_address>0x125</run_address>
         <size>0x194</size>
         <input_file_ref idref="fl-37"/>
      </object_component>
      <object_component id="oc-45">
         <name>.debug_info</name>
         <load_address>0x2b9</load_address>
         <run_address>0x2b9</run_address>
         <size>0x16a</size>
         <input_file_ref idref="fl-39"/>
      </object_component>
      <object_component id="oc-4b">
         <name>.debug_info</name>
         <load_address>0x423</load_address>
         <run_address>0x423</run_address>
         <size>0x18e</size>
         <input_file_ref idref="fl-38"/>
      </object_component>
      <object_component id="oc-51">
         <name>.debug_info</name>
         <load_address>0x5b1</load_address>
         <run_address>0x5b1</run_address>
         <size>0xaa</size>
         <input_file_ref idref="fl-36"/>
      </object_component>
      <object_component id="oc-55">
         <name>.debug_info</name>
         <load_address>0x65b</load_address>
         <run_address>0x65b</run_address>
         <size>0xc2</size>
         <input_file_ref idref="fl-44"/>
      </object_component>
      <object_component id="oc-5a">
         <name>.debug_info</name>
         <load_address>0x71d</load_address>
         <run_address>0x71d</run_address>
         <size>0x17d</size>
         <input_file_ref idref="fl-4"/>
      </object_component>
      <object_component id="oc-60">
         <name>.debug_info</name>
         <load_address>0x89a</load_address>
         <run_address>0x89a</run_address>
         <size>0x11f</size>
         <input_file_ref idref="fl-4"/>
      </object_component>
      <object_component id="oc-66">
         <name>.debug_info</name>
         <load_address>0x9b9</load_address>
         <run_address>0x9b9</run_address>
         <size>0x116</size>
         <input_file_ref idref="fl-4"/>
      </object_component>
      <object_component id="oc-6c">
         <name>.debug_info</name>
         <load_address>0xacf</load_address>
         <run_address>0xacf</run_address>
         <size>0xfd</size>
         <input_file_ref idref="fl-49"/>
      </object_component>
      <object_component id="oc-72">
         <name>.debug_info</name>
         <load_address>0xbcc</load_address>
         <run_address>0xbcc</run_address>
         <size>0x153</size>
         <input_file_ref idref="fl-4d"/>
      </object_component>
      <object_component id="oc-78">
         <name>.debug_info</name>
         <load_address>0xd1f</load_address>
         <run_address>0xd1f</run_address>
         <size>0x264</size>
         <input_file_ref idref="fl-8"/>
      </object_component>
      <object_component id="oc-7e">
         <name>.debug_info</name>
         <load_address>0xf83</load_address>
         <run_address>0xf83</run_address>
         <size>0xcc</size>
         <input_file_ref idref="fl-3b"/>
      </object_component>
      <object_component id="oc-85">
         <name>.debug_info</name>
         <load_address>0x104f</load_address>
         <run_address>0x104f</run_address>
         <size>0x157</size>
         <input_file_ref idref="fl-45"/>
      </object_component>
      <object_component id="oc-8b">
         <name>.debug_info</name>
         <load_address>0x11a6</load_address>
         <run_address>0x11a6</run_address>
         <size>0x46</size>
         <input_file_ref idref="fl-37"/>
      </object_component>
      <object_component id="oc-90">
         <name>.debug_info</name>
         <load_address>0x11ec</load_address>
         <run_address>0x11ec</run_address>
         <size>0x167</size>
         <input_file_ref idref="fl-37"/>
      </object_component>
      <object_component id="oc-92">
         <name>.debug_info</name>
         <load_address>0x1353</load_address>
         <run_address>0x1353</run_address>
         <size>0x46</size>
         <input_file_ref idref="fl-39"/>
      </object_component>
      <object_component id="oc-97">
         <name>.debug_info</name>
         <load_address>0x1399</load_address>
         <run_address>0x1399</run_address>
         <size>0x11f</size>
         <input_file_ref idref="fl-39"/>
      </object_component>
      <object_component id="oc-99">
         <name>.debug_info</name>
         <load_address>0x14b8</load_address>
         <run_address>0x14b8</run_address>
         <size>0x1ef</size>
         <input_file_ref idref="fl-38"/>
      </object_component>
      <object_component id="oc-9f">
         <name>.debug_info</name>
         <load_address>0x16a7</load_address>
         <run_address>0x16a7</run_address>
         <size>0x129</size>
         <input_file_ref idref="fl-38"/>
      </object_component>
      <object_component id="oc-a0">
         <name>.debug_info</name>
         <load_address>0x17d0</load_address>
         <run_address>0x17d0</run_address>
         <size>0x39</size>
         <input_file_ref idref="fl-38"/>
      </object_component>
      <object_component id="oc-a7">
         <name>.debug_info</name>
         <load_address>0x1809</load_address>
         <run_address>0x1809</run_address>
         <size>0x84</size>
         <input_file_ref idref="fl-2"/>
      </object_component>
      <object_component id="oc-ae">
         <name>.debug_info</name>
         <load_address>0x188d</load_address>
         <run_address>0x188d</run_address>
         <size>0x2e2</size>
         <input_file_ref idref="fl-4"/>
      </object_component>
      <object_component id="oc-b1">
         <name>.debug_info</name>
         <load_address>0x1b6f</load_address>
         <run_address>0x1b6f</run_address>
         <size>0x150</size>
         <input_file_ref idref="fl-6"/>
      </object_component>
      <object_component id="oc-b7">
         <name>.debug_info</name>
         <load_address>0x1cbf</load_address>
         <run_address>0x1cbf</run_address>
         <size>0x150</size>
         <input_file_ref idref="fl-6"/>
      </object_component>
      <object_component id="oc-bd">
         <name>.debug_info</name>
         <load_address>0x1e0f</load_address>
         <run_address>0x1e0f</run_address>
         <size>0xe6</size>
         <input_file_ref idref="fl-4"/>
      </object_component>
      <object_component id="oc-c0">
         <name>.debug_info</name>
         <load_address>0x1ef5</load_address>
         <run_address>0x1ef5</run_address>
         <size>0x6f0</size>
         <input_file_ref idref="fl-4"/>
      </object_component>
      <object_component id="oc-c4">
         <name>.debug_info</name>
         <load_address>0x25e5</load_address>
         <run_address>0x25e5</run_address>
         <size>0x3b9</size>
         <input_file_ref idref="fl-5"/>
      </object_component>
      <object_component id="oc-cc">
         <name>.debug_info</name>
         <load_address>0x299e</load_address>
         <run_address>0x299e</run_address>
         <size>0x141</size>
         <input_file_ref idref="fl-8"/>
      </object_component>
      <object_component id="oc-d5">
         <name>.debug_info</name>
         <load_address>0x2adf</load_address>
         <run_address>0x2adf</run_address>
         <size>0x117</size>
         <input_file_ref idref="fl-2"/>
      </object_component>
      <object_component id="oc-de">
         <name>.debug_info</name>
         <load_address>0x2bf6</load_address>
         <run_address>0x2bf6</run_address>
         <size>0xe1</size>
         <input_file_ref idref="fl-3a"/>
      </object_component>
      <object_component id="oc-e2">
         <name>.debug_info</name>
         <load_address>0x2cd7</load_address>
         <run_address>0x2cd7</run_address>
         <size>0x2ba</size>
         <input_file_ref idref="fl-4d"/>
      </object_component>
      <object_component id="oc-e4">
         <name>.debug_info</name>
         <load_address>0x2f91</load_address>
         <run_address>0x2f91</run_address>
         <size>0x2a5</size>
         <input_file_ref idref="fl-4"/>
      </object_component>
      <object_component id="oc-ea">
         <name>.debug_info</name>
         <load_address>0x3236</load_address>
         <run_address>0x3236</run_address>
         <size>0xf6</size>
         <input_file_ref idref="fl-8"/>
      </object_component>
      <object_component id="oc-ed">
         <name>.debug_info</name>
         <load_address>0x332c</load_address>
         <run_address>0x332c</run_address>
         <size>0x21a</size>
         <input_file_ref idref="fl-8"/>
      </object_component>
      <object_component id="oc-f3">
         <name>.debug_info</name>
         <load_address>0x3546</load_address>
         <run_address>0x3546</run_address>
         <size>0x19d</size>
         <input_file_ref idref="fl-8"/>
      </object_component>
      <object_component id="oc-f9">
         <name>.debug_info</name>
         <load_address>0x36e3</load_address>
         <run_address>0x36e3</run_address>
         <size>0x12b</size>
         <input_file_ref idref="fl-8"/>
      </object_component>
      <object_component id="oc-ff">
         <name>.debug_info</name>
         <load_address>0x380e</load_address>
         <run_address>0x380e</run_address>
         <size>0xd5</size>
         <input_file_ref idref="fl-8"/>
      </object_component>
      <object_component id="oc-102">
         <name>.debug_info</name>
         <load_address>0x38e3</load_address>
         <run_address>0x38e3</run_address>
         <size>0x1da</size>
         <input_file_ref idref="fl-2"/>
      </object_component>
      <object_component id="oc-108">
         <name>.debug_info</name>
         <load_address>0x3abd</load_address>
         <run_address>0x3abd</run_address>
         <size>0x19b</size>
         <input_file_ref idref="fl-8"/>
      </object_component>
      <object_component id="oc-10e">
         <name>.debug_info</name>
         <load_address>0x3c58</load_address>
         <run_address>0x3c58</run_address>
         <size>0x1a8</size>
         <input_file_ref idref="fl-2"/>
      </object_component>
      <object_component id="oc-115">
         <name>.debug_info</name>
         <load_address>0x3e00</load_address>
         <run_address>0x3e00</run_address>
         <size>0x175</size>
         <input_file_ref idref="fl-3"/>
      </object_component>
      <object_component id="oc-11b">
         <name>.debug_info</name>
         <load_address>0x3f75</load_address>
         <run_address>0x3f75</run_address>
         <size>0x110</size>
         <input_file_ref idref="fl-8"/>
      </object_component>
      <object_component id="oc-122">
         <name>.debug_info</name>
         <load_address>0x4085</load_address>
         <run_address>0x4085</run_address>
         <size>0x127</size>
         <input_file_ref idref="fl-45"/>
      </object_component>
      <object_component id="oc-123">
         <name>.debug_info</name>
         <load_address>0x41ac</load_address>
         <run_address>0x41ac</run_address>
         <size>0x2c</size>
         <input_file_ref idref="fl-39"/>
      </object_component>
      <object_component id="oc-128">
         <name>.debug_info</name>
         <load_address>0x41d8</load_address>
         <run_address>0x41d8</run_address>
         <size>0x2c</size>
         <input_file_ref idref="fl-37"/>
      </object_component>
      <object_component id="oc-138">
         <name>.debug_info</name>
         <load_address>0x4204</load_address>
         <run_address>0x4204</run_address>
         <size>0xd4</size>
         <input_file_ref idref="fl-48"/>
      </object_component>
      <object_component id="oc-13c">
         <name>.debug_info</name>
         <load_address>0x42d8</load_address>
         <run_address>0x42d8</run_address>
         <size>0xdc</size>
         <input_file_ref idref="fl-6"/>
      </object_component>
      <object_component id="oc-13f">
         <name>.debug_info</name>
         <load_address>0x43b4</load_address>
         <run_address>0x43b4</run_address>
         <size>0x3c3</size>
         <input_file_ref idref="fl-6"/>
      </object_component>
      <object_component id="oc-145">
         <name>.debug_info</name>
         <load_address>0x4777</load_address>
         <run_address>0x4777</run_address>
         <size>0x177</size>
         <input_file_ref idref="fl-4"/>
      </object_component>
      <object_component id="oc-14a">
         <name>.debug_info</name>
         <load_address>0x48ee</load_address>
         <run_address>0x48ee</run_address>
         <size>0x51</size>
         <input_file_ref idref="fl-4"/>
      </object_component>
      <object_component id="oc-150">
         <name>.debug_info</name>
         <load_address>0x493f</load_address>
         <run_address>0x493f</run_address>
         <size>0x1c0</size>
         <input_file_ref idref="fl-5"/>
      </object_component>
      <object_component id="oc-156">
         <name>.debug_info</name>
         <load_address>0x4aff</load_address>
         <run_address>0x4aff</run_address>
         <size>0x1b3</size>
         <input_file_ref idref="fl-5"/>
      </object_component>
      <object_component id="oc-15c">
         <name>.debug_info</name>
         <load_address>0x4cb2</load_address>
         <run_address>0x4cb2</run_address>
         <size>0x1ba</size>
         <input_file_ref idref="fl-5"/>
      </object_component>
      <object_component id="oc-162">
         <name>.debug_info</name>
         <load_address>0x4e6c</load_address>
         <run_address>0x4e6c</run_address>
         <size>0x210</size>
         <input_file_ref idref="fl-5"/>
      </object_component>
      <object_component id="oc-168">
         <name>.debug_info</name>
         <load_address>0x507c</load_address>
         <run_address>0x507c</run_address>
         <size>0x326</size>
         <input_file_ref idref="fl-5"/>
      </object_component>
      <object_component id="oc-16a">
         <name>.debug_info</name>
         <load_address>0x53a2</load_address>
         <run_address>0x53a2</run_address>
         <size>0x135</size>
         <input_file_ref idref="fl-4"/>
      </object_component>
      <object_component id="oc-170">
         <name>.debug_info</name>
         <load_address>0x54d7</load_address>
         <run_address>0x54d7</run_address>
         <size>0x415</size>
         <input_file_ref idref="fl-8"/>
      </object_component>
      <object_component id="oc-176">
         <name>.debug_info</name>
         <load_address>0x58ec</load_address>
         <run_address>0x58ec</run_address>
         <size>0x457</size>
         <input_file_ref idref="fl-2"/>
      </object_component>
      <object_component id="oc-17e">
         <name>.debug_info</name>
         <load_address>0x5d43</load_address>
         <run_address>0x5d43</run_address>
         <size>0x39</size>
         <input_file_ref idref="fl-4d"/>
      </object_component>
      <object_component id="oc-184">
         <name>.debug_info</name>
         <load_address>0x5d7c</load_address>
         <run_address>0x5d7c</run_address>
         <size>0x157</size>
         <input_file_ref idref="fl-6"/>
      </object_component>
      <object_component id="oc-195">
         <name>.debug_info</name>
         <load_address>0x5ed3</load_address>
         <run_address>0x5ed3</run_address>
         <size>0x13f</size>
         <input_file_ref idref="fl-7"/>
      </object_component>
      <object_component id="oc-19b">
         <name>.debug_info</name>
         <load_address>0x6012</load_address>
         <run_address>0x6012</run_address>
         <size>0x186</size>
         <input_file_ref idref="fl-5"/>
      </object_component>
      <object_component id="oc-1a1">
         <name>.debug_info</name>
         <load_address>0x6198</load_address>
         <run_address>0x6198</run_address>
         <size>0x4c9</size>
         <input_file_ref idref="fl-5"/>
      </object_component>
      <object_component id="oc-1a7">
         <name>.debug_info</name>
         <load_address>0x6661</load_address>
         <run_address>0x6661</run_address>
         <size>0x11c</size>
         <input_file_ref idref="fl-3"/>
      </object_component>
      <object_component id="oc-1ba">
         <name>.debug_info</name>
         <load_address>0x677d</load_address>
         <run_address>0x677d</run_address>
         <size>0x1b6</size>
         <input_file_ref idref="fl-4a"/>
      </object_component>
      <object_component id="oc-1cd">
         <name>.debug_info</name>
         <load_address>0x6933</load_address>
         <run_address>0x6933</run_address>
         <size>0xf9</size>
         <input_file_ref idref="fl-2"/>
      </object_component>
      <object_component id="oc-1d6">
         <name>.debug_info</name>
         <load_address>0x6a2c</load_address>
         <run_address>0x6a2c</run_address>
         <size>0x157</size>
         <input_file_ref idref="fl-2"/>
      </object_component>
      <object_component id="oc-1de">
         <name>.debug_info</name>
         <load_address>0x6b83</load_address>
         <run_address>0x6b83</run_address>
         <size>0x1ae</size>
         <input_file_ref idref="fl-2"/>
      </object_component>
      <object_component id="oc-1e7">
         <name>.debug_info</name>
         <load_address>0x6d31</load_address>
         <run_address>0x6d31</run_address>
         <size>0x1a7</size>
         <input_file_ref idref="fl-2"/>
      </object_component>
      <object_component id="oc-1f6">
         <name>.debug_info</name>
         <load_address>0x6ed8</load_address>
         <run_address>0x6ed8</run_address>
         <size>0x112</size>
         <input_file_ref idref="fl-4"/>
      </object_component>
      <object_component id="oc-1fd">
         <name>.debug_info</name>
         <load_address>0x6fea</load_address>
         <run_address>0x6fea</run_address>
         <size>0x11f</size>
         <input_file_ref idref="fl-4"/>
      </object_component>
      <object_component id="oc-204">
         <name>.debug_info</name>
         <load_address>0x7109</load_address>
         <run_address>0x7109</run_address>
         <size>0x168</size>
         <input_file_ref idref="fl-4"/>
      </object_component>
      <object_component id="oc-20a">
         <name>.debug_info</name>
         <load_address>0x7271</load_address>
         <run_address>0x7271</run_address>
         <size>0x122</size>
         <input_file_ref idref="fl-4"/>
      </object_component>
      <object_component id="oc-211">
         <name>.debug_info</name>
         <load_address>0x7393</load_address>
         <run_address>0x7393</run_address>
         <size>0x121</size>
         <input_file_ref idref="fl-4"/>
      </object_component>
      <object_component id="oc-217">
         <name>.debug_info</name>
         <load_address>0x74b4</load_address>
         <run_address>0x74b4</run_address>
         <size>0x212</size>
         <input_file_ref idref="fl-2"/>
      </object_component>
      <object_component id="oc-227">
         <name>.debug_info</name>
         <load_address>0x76c6</load_address>
         <run_address>0x76c6</run_address>
         <size>0x23e</size>
         <input_file_ref idref="fl-3"/>
      </object_component>
      <object_component id="oc-230">
         <name>.debug_info</name>
         <load_address>0x7904</load_address>
         <run_address>0x7904</run_address>
         <size>0x174</size>
         <input_file_ref idref="fl-6"/>
      </object_component>
      <object_component id="oc-236">
         <name>.debug_info</name>
         <load_address>0x7a78</load_address>
         <run_address>0x7a78</run_address>
         <size>0x161</size>
         <input_file_ref idref="fl-5"/>
      </object_component>
      <object_component id="oc-23c">
         <name>.debug_info</name>
         <load_address>0x7bd9</load_address>
         <run_address>0x7bd9</run_address>
         <size>0x159</size>
         <input_file_ref idref="fl-7"/>
      </object_component>
      <object_component id="oc-242">
         <name>.debug_info</name>
         <load_address>0x7d32</load_address>
         <run_address>0x7d32</run_address>
         <size>0x17b</size>
         <input_file_ref idref="fl-7"/>
      </object_component>
      <object_component id="oc-249">
         <name>.debug_info</name>
         <load_address>0x7ead</load_address>
         <run_address>0x7ead</run_address>
         <size>0x123</size>
         <input_file_ref idref="fl-7"/>
      </object_component>
      <object_component id="oc-254">
         <name>.debug_info</name>
         <load_address>0x7fd0</load_address>
         <run_address>0x7fd0</run_address>
         <size>0x144</size>
         <input_file_ref idref="fl-3"/>
      </object_component>
      <object_component id="oc-25c">
         <name>.debug_info</name>
         <load_address>0x8114</load_address>
         <run_address>0x8114</run_address>
         <size>0xc8</size>
         <input_file_ref idref="fl-8"/>
      </object_component>
      <object_component id="oc-264">
         <name>.debug_info</name>
         <load_address>0x81dc</load_address>
         <run_address>0x81dc</run_address>
         <size>0x30d</size>
         <input_file_ref idref="fl-6"/>
      </object_component>
      <object_component id="oc-26b">
         <name>.debug_info</name>
         <load_address>0x84e9</load_address>
         <run_address>0x84e9</run_address>
         <size>0x178</size>
         <input_file_ref idref="fl-7"/>
      </object_component>
      <object_component id="oc-274">
         <name>.debug_info</name>
         <load_address>0x8661</load_address>
         <run_address>0x8661</run_address>
         <size>0x1f6</size>
         <input_file_ref idref="fl-5"/>
      </object_component>
      <object_component id="oc-27c">
         <name>.debug_info</name>
         <load_address>0x8857</load_address>
         <run_address>0x8857</run_address>
         <size>0x112</size>
         <input_file_ref idref="fl-4a"/>
      </object_component>
      <object_component id="oc-283">
         <name>.debug_info</name>
         <load_address>0x8969</load_address>
         <run_address>0x8969</run_address>
         <size>0x33d</size>
         <input_file_ref idref="fl-5"/>
      </object_component>
      <object_component id="oc-299">
         <name>.debug_info</name>
         <load_address>0x8ca6</load_address>
         <run_address>0x8ca6</run_address>
         <size>0x183</size>
         <input_file_ref idref="fl-46"/>
      </object_component>
      <object_component id="oc-2a7">
         <name>.debug_info</name>
         <load_address>0x8e29</load_address>
         <run_address>0x8e29</run_address>
         <size>0x1a2</size>
         <input_file_ref idref="fl-2"/>
      </object_component>
      <object_component id="oc-2ae">
         <name>.debug_info</name>
         <load_address>0x8fcb</load_address>
         <run_address>0x8fcb</run_address>
         <size>0x17b</size>
         <input_file_ref idref="fl-8"/>
      </object_component>
      <object_component id="oc-2b5">
         <name>.debug_info</name>
         <load_address>0x9146</load_address>
         <run_address>0x9146</run_address>
         <size>0x175</size>
         <input_file_ref idref="fl-8"/>
      </object_component>
      <object_component id="oc-2bc">
         <name>.debug_info</name>
         <load_address>0x92bb</load_address>
         <run_address>0x92bb</run_address>
         <size>0x12e</size>
         <input_file_ref idref="fl-8"/>
      </object_component>
      <object_component id="oc-2cd">
         <name>.debug_info</name>
         <load_address>0x93e9</load_address>
         <run_address>0x93e9</run_address>
         <size>0x130</size>
         <input_file_ref idref="fl-8"/>
      </object_component>
      <object_component id="oc-2da">
         <name>.debug_info</name>
         <load_address>0x9519</load_address>
         <run_address>0x9519</run_address>
         <size>0x140</size>
         <input_file_ref idref="fl-6"/>
      </object_component>
      <object_component id="oc-2e2">
         <name>.debug_info</name>
         <load_address>0x9659</load_address>
         <run_address>0x9659</run_address>
         <size>0x14a</size>
         <input_file_ref idref="fl-7"/>
      </object_component>
      <object_component id="oc-2eb">
         <name>.debug_info</name>
         <load_address>0x97a3</load_address>
         <run_address>0x97a3</run_address>
         <size>0x146</size>
         <input_file_ref idref="fl-7"/>
      </object_component>
      <object_component id="oc-2fc">
         <name>.debug_info</name>
         <load_address>0x98e9</load_address>
         <run_address>0x98e9</run_address>
         <size>0x225</size>
         <input_file_ref idref="fl-5"/>
      </object_component>
      <object_component id="oc-302">
         <name>.debug_info</name>
         <load_address>0x9b0e</load_address>
         <run_address>0x9b0e</run_address>
         <size>0x14c</size>
         <input_file_ref idref="fl-6"/>
      </object_component>
      <object_component id="oc-308">
         <name>.debug_info</name>
         <load_address>0x9c5a</load_address>
         <run_address>0x9c5a</run_address>
         <size>0x196</size>
         <input_file_ref idref="fl-5"/>
      </object_component>
      <object_component id="oc-30e">
         <name>.debug_info</name>
         <load_address>0x9df0</load_address>
         <run_address>0x9df0</run_address>
         <size>0x14a</size>
         <input_file_ref idref="fl-6"/>
      </object_component>
      <object_component id="oc-315">
         <name>.debug_info</name>
         <load_address>0x9f3a</load_address>
         <run_address>0x9f3a</run_address>
         <size>0x117</size>
         <input_file_ref idref="fl-46"/>
      </object_component>
      <object_component id="oc-323">
         <name>.debug_info</name>
         <load_address>0xa051</load_address>
         <run_address>0xa051</run_address>
         <size>0x125</size>
         <input_file_ref idref="fl-4"/>
      </object_component>
      <object_component id="oc-32a">
         <name>.debug_info</name>
         <load_address>0xa176</load_address>
         <run_address>0xa176</run_address>
         <size>0x123</size>
         <input_file_ref idref="fl-4"/>
      </object_component>
      <object_component id="oc-381">
         <name>.debug_info</name>
         <load_address>0xa299</load_address>
         <run_address>0xa299</run_address>
         <size>0xb1</size>
      </object_component>
      <object_component id="oc-3a">
         <name>.debug_aranges</name>
         <load_address>0x0</load_address>
         <run_address>0x0</run_address>
         <size>0x20</size>
         <input_file_ref idref="fl-36"/>
      </object_component>
      <object_component id="oc-40">
         <name>.debug_aranges</name>
         <load_address>0x20</load_address>
         <run_address>0x20</run_address>
         <size>0x20</size>
         <input_file_ref idref="fl-37"/>
      </object_component>
      <object_component id="oc-46">
         <name>.debug_aranges</name>
         <load_address>0x40</load_address>
         <run_address>0x40</run_address>
         <size>0x20</size>
         <input_file_ref idref="fl-39"/>
      </object_component>
      <object_component id="oc-4c">
         <name>.debug_aranges</name>
         <load_address>0x60</load_address>
         <run_address>0x60</run_address>
         <size>0x20</size>
         <input_file_ref idref="fl-38"/>
      </object_component>
      <object_component id="oc-56">
         <name>.debug_aranges</name>
         <load_address>0x80</load_address>
         <run_address>0x80</run_address>
         <size>0x20</size>
         <input_file_ref idref="fl-44"/>
      </object_component>
      <object_component id="oc-5b">
         <name>.debug_aranges</name>
         <load_address>0xa0</load_address>
         <run_address>0xa0</run_address>
         <size>0x20</size>
         <input_file_ref idref="fl-4"/>
      </object_component>
      <object_component id="oc-61">
         <name>.debug_aranges</name>
         <load_address>0xc0</load_address>
         <run_address>0xc0</run_address>
         <size>0x20</size>
         <input_file_ref idref="fl-4"/>
      </object_component>
      <object_component id="oc-67">
         <name>.debug_aranges</name>
         <load_address>0xe0</load_address>
         <run_address>0xe0</run_address>
         <size>0x20</size>
         <input_file_ref idref="fl-4"/>
      </object_component>
      <object_component id="oc-6d">
         <name>.debug_aranges</name>
         <load_address>0x100</load_address>
         <run_address>0x100</run_address>
         <size>0x20</size>
         <input_file_ref idref="fl-49"/>
      </object_component>
      <object_component id="oc-73">
         <name>.debug_aranges</name>
         <load_address>0x120</load_address>
         <run_address>0x120</run_address>
         <size>0x20</size>
         <input_file_ref idref="fl-4d"/>
      </object_component>
      <object_component id="oc-79">
         <name>.debug_aranges</name>
         <load_address>0x140</load_address>
         <run_address>0x140</run_address>
         <size>0x20</size>
         <input_file_ref idref="fl-8"/>
      </object_component>
      <object_component id="oc-7f">
         <name>.debug_aranges</name>
         <load_address>0x160</load_address>
         <run_address>0x160</run_address>
         <size>0x20</size>
         <input_file_ref idref="fl-3b"/>
      </object_component>
      <object_component id="oc-86">
         <name>.debug_aranges</name>
         <load_address>0x180</load_address>
         <run_address>0x180</run_address>
         <size>0x20</size>
         <input_file_ref idref="fl-45"/>
      </object_component>
      <object_component id="oc-9a">
         <name>.debug_aranges</name>
         <load_address>0x1a0</load_address>
         <run_address>0x1a0</run_address>
         <size>0x20</size>
         <input_file_ref idref="fl-38"/>
      </object_component>
      <object_component id="oc-b2">
         <name>.debug_aranges</name>
         <load_address>0x1c0</load_address>
         <run_address>0x1c0</run_address>
         <size>0x20</size>
         <input_file_ref idref="fl-6"/>
      </object_component>
      <object_component id="oc-b8">
         <name>.debug_aranges</name>
         <load_address>0x1e0</load_address>
         <run_address>0x1e0</run_address>
         <size>0x20</size>
         <input_file_ref idref="fl-6"/>
      </object_component>
      <object_component id="oc-c5">
         <name>.debug_aranges</name>
         <load_address>0x200</load_address>
         <run_address>0x200</run_address>
         <size>0x20</size>
         <input_file_ref idref="fl-5"/>
      </object_component>
      <object_component id="oc-cd">
         <name>.debug_aranges</name>
         <load_address>0x220</load_address>
         <run_address>0x220</run_address>
         <size>0x20</size>
         <input_file_ref idref="fl-8"/>
      </object_component>
      <object_component id="oc-d6">
         <name>.debug_aranges</name>
         <load_address>0x240</load_address>
         <run_address>0x240</run_address>
         <size>0x20</size>
         <input_file_ref idref="fl-2"/>
      </object_component>
      <object_component id="oc-df">
         <name>.debug_aranges</name>
         <load_address>0x260</load_address>
         <run_address>0x260</run_address>
         <size>0x20</size>
         <input_file_ref idref="fl-3a"/>
      </object_component>
      <object_component id="oc-e5">
         <name>.debug_aranges</name>
         <load_address>0x280</load_address>
         <run_address>0x280</run_address>
         <size>0x20</size>
         <input_file_ref idref="fl-4"/>
      </object_component>
      <object_component id="oc-ee">
         <name>.debug_aranges</name>
         <load_address>0x2a0</load_address>
         <run_address>0x2a0</run_address>
         <size>0x20</size>
         <input_file_ref idref="fl-8"/>
      </object_component>
      <object_component id="oc-f4">
         <name>.debug_aranges</name>
         <load_address>0x2c0</load_address>
         <run_address>0x2c0</run_address>
         <size>0x20</size>
         <input_file_ref idref="fl-8"/>
      </object_component>
      <object_component id="oc-fa">
         <name>.debug_aranges</name>
         <load_address>0x2e0</load_address>
         <run_address>0x2e0</run_address>
         <size>0x20</size>
         <input_file_ref idref="fl-8"/>
      </object_component>
      <object_component id="oc-103">
         <name>.debug_aranges</name>
         <load_address>0x300</load_address>
         <run_address>0x300</run_address>
         <size>0x20</size>
         <input_file_ref idref="fl-2"/>
      </object_component>
      <object_component id="oc-109">
         <name>.debug_aranges</name>
         <load_address>0x320</load_address>
         <run_address>0x320</run_address>
         <size>0x20</size>
         <input_file_ref idref="fl-8"/>
      </object_component>
      <object_component id="oc-10f">
         <name>.debug_aranges</name>
         <load_address>0x340</load_address>
         <run_address>0x340</run_address>
         <size>0x20</size>
         <input_file_ref idref="fl-2"/>
      </object_component>
      <object_component id="oc-116">
         <name>.debug_aranges</name>
         <load_address>0x360</load_address>
         <run_address>0x360</run_address>
         <size>0x20</size>
         <input_file_ref idref="fl-3"/>
      </object_component>
      <object_component id="oc-139">
         <name>.debug_aranges</name>
         <load_address>0x380</load_address>
         <run_address>0x380</run_address>
         <size>0x20</size>
         <input_file_ref idref="fl-48"/>
      </object_component>
      <object_component id="oc-151">
         <name>.debug_aranges</name>
         <load_address>0x3a0</load_address>
         <run_address>0x3a0</run_address>
         <size>0x20</size>
         <input_file_ref idref="fl-5"/>
      </object_component>
      <object_component id="oc-157">
         <name>.debug_aranges</name>
         <load_address>0x3c0</load_address>
         <run_address>0x3c0</run_address>
         <size>0x20</size>
         <input_file_ref idref="fl-5"/>
      </object_component>
      <object_component id="oc-15d">
         <name>.debug_aranges</name>
         <load_address>0x3e0</load_address>
         <run_address>0x3e0</run_address>
         <size>0x20</size>
         <input_file_ref idref="fl-5"/>
      </object_component>
      <object_component id="oc-163">
         <name>.debug_aranges</name>
         <load_address>0x400</load_address>
         <run_address>0x400</run_address>
         <size>0x20</size>
         <input_file_ref idref="fl-5"/>
      </object_component>
      <object_component id="oc-16b">
         <name>.debug_aranges</name>
         <load_address>0x420</load_address>
         <run_address>0x420</run_address>
         <size>0x20</size>
         <input_file_ref idref="fl-4"/>
      </object_component>
      <object_component id="oc-185">
         <name>.debug_aranges</name>
         <load_address>0x440</load_address>
         <run_address>0x440</run_address>
         <size>0x20</size>
         <input_file_ref idref="fl-6"/>
      </object_component>
      <object_component id="oc-196">
         <name>.debug_aranges</name>
         <load_address>0x460</load_address>
         <run_address>0x460</run_address>
         <size>0x20</size>
         <input_file_ref idref="fl-7"/>
      </object_component>
      <object_component id="oc-19c">
         <name>.debug_aranges</name>
         <load_address>0x480</load_address>
         <run_address>0x480</run_address>
         <size>0x20</size>
         <input_file_ref idref="fl-5"/>
      </object_component>
      <object_component id="oc-1a2">
         <name>.debug_aranges</name>
         <load_address>0x4a0</load_address>
         <run_address>0x4a0</run_address>
         <size>0x20</size>
         <input_file_ref idref="fl-5"/>
      </object_component>
      <object_component id="oc-1a8">
         <name>.debug_aranges</name>
         <load_address>0x4c0</load_address>
         <run_address>0x4c0</run_address>
         <size>0x20</size>
         <input_file_ref idref="fl-3"/>
      </object_component>
      <object_component id="oc-1bb">
         <name>.debug_aranges</name>
         <load_address>0x4e0</load_address>
         <run_address>0x4e0</run_address>
         <size>0x20</size>
         <input_file_ref idref="fl-4a"/>
      </object_component>
      <object_component id="oc-1d7">
         <name>.debug_aranges</name>
         <load_address>0x500</load_address>
         <run_address>0x500</run_address>
         <size>0x20</size>
         <input_file_ref idref="fl-2"/>
      </object_component>
      <object_component id="oc-1df">
         <name>.debug_aranges</name>
         <load_address>0x520</load_address>
         <run_address>0x520</run_address>
         <size>0x20</size>
         <input_file_ref idref="fl-2"/>
      </object_component>
      <object_component id="oc-1f7">
         <name>.debug_aranges</name>
         <load_address>0x540</load_address>
         <run_address>0x540</run_address>
         <size>0x20</size>
         <input_file_ref idref="fl-4"/>
      </object_component>
      <object_component id="oc-1fe">
         <name>.debug_aranges</name>
         <load_address>0x560</load_address>
         <run_address>0x560</run_address>
         <size>0x20</size>
         <input_file_ref idref="fl-4"/>
      </object_component>
      <object_component id="oc-205">
         <name>.debug_aranges</name>
         <load_address>0x580</load_address>
         <run_address>0x580</run_address>
         <size>0x20</size>
         <input_file_ref idref="fl-4"/>
      </object_component>
      <object_component id="oc-20b">
         <name>.debug_aranges</name>
         <load_address>0x5a0</load_address>
         <run_address>0x5a0</run_address>
         <size>0x20</size>
         <input_file_ref idref="fl-4"/>
      </object_component>
      <object_component id="oc-212">
         <name>.debug_aranges</name>
         <load_address>0x5c0</load_address>
         <run_address>0x5c0</run_address>
         <size>0x20</size>
         <input_file_ref idref="fl-4"/>
      </object_component>
      <object_component id="oc-218">
         <name>.debug_aranges</name>
         <load_address>0x5e0</load_address>
         <run_address>0x5e0</run_address>
         <size>0x20</size>
         <input_file_ref idref="fl-2"/>
      </object_component>
      <object_component id="oc-231">
         <name>.debug_aranges</name>
         <load_address>0x600</load_address>
         <run_address>0x600</run_address>
         <size>0x20</size>
         <input_file_ref idref="fl-6"/>
      </object_component>
      <object_component id="oc-237">
         <name>.debug_aranges</name>
         <load_address>0x620</load_address>
         <run_address>0x620</run_address>
         <size>0x20</size>
         <input_file_ref idref="fl-5"/>
      </object_component>
      <object_component id="oc-23d">
         <name>.debug_aranges</name>
         <load_address>0x640</load_address>
         <run_address>0x640</run_address>
         <size>0x20</size>
         <input_file_ref idref="fl-7"/>
      </object_component>
      <object_component id="oc-243">
         <name>.debug_aranges</name>
         <load_address>0x660</load_address>
         <run_address>0x660</run_address>
         <size>0x20</size>
         <input_file_ref idref="fl-7"/>
      </object_component>
      <object_component id="oc-24a">
         <name>.debug_aranges</name>
         <load_address>0x680</load_address>
         <run_address>0x680</run_address>
         <size>0x20</size>
         <input_file_ref idref="fl-7"/>
      </object_component>
      <object_component id="oc-255">
         <name>.debug_aranges</name>
         <load_address>0x6a0</load_address>
         <run_address>0x6a0</run_address>
         <size>0x20</size>
         <input_file_ref idref="fl-3"/>
      </object_component>
      <object_component id="oc-265">
         <name>.debug_aranges</name>
         <load_address>0x6c0</load_address>
         <run_address>0x6c0</run_address>
         <size>0x20</size>
         <input_file_ref idref="fl-6"/>
      </object_component>
      <object_component id="oc-275">
         <name>.debug_aranges</name>
         <load_address>0x6e0</load_address>
         <run_address>0x6e0</run_address>
         <size>0x20</size>
         <input_file_ref idref="fl-5"/>
      </object_component>
      <object_component id="oc-284">
         <name>.debug_aranges</name>
         <load_address>0x700</load_address>
         <run_address>0x700</run_address>
         <size>0x20</size>
         <input_file_ref idref="fl-5"/>
      </object_component>
      <object_component id="oc-29a">
         <name>.debug_aranges</name>
         <load_address>0x720</load_address>
         <run_address>0x720</run_address>
         <size>0x20</size>
         <input_file_ref idref="fl-46"/>
      </object_component>
      <object_component id="oc-2a8">
         <name>.debug_aranges</name>
         <load_address>0x740</load_address>
         <run_address>0x740</run_address>
         <size>0x20</size>
         <input_file_ref idref="fl-2"/>
      </object_component>
      <object_component id="oc-2af">
         <name>.debug_aranges</name>
         <load_address>0x760</load_address>
         <run_address>0x760</run_address>
         <size>0x20</size>
         <input_file_ref idref="fl-8"/>
      </object_component>
      <object_component id="oc-2b6">
         <name>.debug_aranges</name>
         <load_address>0x780</load_address>
         <run_address>0x780</run_address>
         <size>0x20</size>
         <input_file_ref idref="fl-8"/>
      </object_component>
      <object_component id="oc-2bd">
         <name>.debug_aranges</name>
         <load_address>0x7a0</load_address>
         <run_address>0x7a0</run_address>
         <size>0x20</size>
         <input_file_ref idref="fl-8"/>
      </object_component>
      <object_component id="oc-2ce">
         <name>.debug_aranges</name>
         <load_address>0x7c0</load_address>
         <run_address>0x7c0</run_address>
         <size>0x20</size>
         <input_file_ref idref="fl-8"/>
      </object_component>
      <object_component id="oc-2db">
         <name>.debug_aranges</name>
         <load_address>0x7e0</load_address>
         <run_address>0x7e0</run_address>
         <size>0x20</size>
         <input_file_ref idref="fl-6"/>
      </object_component>
      <object_component id="oc-2e3">
         <name>.debug_aranges</name>
         <load_address>0x800</load_address>
         <run_address>0x800</run_address>
         <size>0x20</size>
         <input_file_ref idref="fl-7"/>
      </object_component>
      <object_component id="oc-2ec">
         <name>.debug_aranges</name>
         <load_address>0x820</load_address>
         <run_address>0x820</run_address>
         <size>0x20</size>
[...]
         <object_component_ref idref="oc-2a6"/>
      </symbol>
      <symbol id="sm-fd">
         <name>net_SendRequest</name>
         <value>0x89f4</value>
         <object_component_ref idref="oc-101"/>
      </symbol>
      <symbol id="sm-fe">
         <name>net_analizarTrama</name>
         <value>0x8590</value>
         <object_component_ref idref="oc-216"/>
      </symbol>
      <symbol id="sm-ff">
         <name>idTrama</name>
         <value>0x268</value>
         <object_component_ref idref="oc-1cc"/>
      </symbol>
      <symbol id="sm-100">
         <name>net_1ms_ISR</name>
         <value>0x9272</value>
         <object_component_ref idref="oc-d4"/>
      </symbol>
      <symbol id="sm-101">
         <name>net_prossesNetwork</name>
         <value>0x8a60</value>
         <object_component_ref idref="oc-10d"/>
      </symbol>
      <symbol id="sm-102">
         <name>net_sendtrama</name>
         <value>0x8be0</value>
         <object_component_ref idref="oc-1dd"/>
      </symbol>
      <symbol id="sm-103">
         <name>chksum</name>
         <value>0x9138</value>
         <object_component_ref idref="oc-1d5"/>
      </symbol>
      <symbol id="sm-104">
         <name>myAddr</name>
         <value>0x269</value>
         <object_component_ref idref="oc-1cc"/>
      </symbol>
      <symbol id="sm-126">
         <name>UART_Tx_char</name>
         <value>0x9294</value>
         <object_component_ref idref="oc-253"/>
      </symbol>
      <symbol id="sm-127">
         <name>UART_Tx_string</name>
         <value>0x8f7c</value>
         <object_component_ref idref="oc-114"/>
      </symbol>
      <symbol id="sm-128">
         <name>Init_UART</name>
         <value>0x8de0</value>
         <object_component_ref idref="oc-1a6"/>
      </symbol>
      <symbol id="sm-1a1">
         <name>rxBuffer</name>
         <value>0x200</value>
      </symbol>
      <symbol id="sm-1a2">
         <name>rxAddr</name>
         <value>0x25d</value>
      </symbol>
      <symbol id="sm-1a3">
         <name>bsp_contMs</name>
         <value>0x254</value>
      </symbol>
      <symbol id="sm-1a4">
         <name>bspFlags</name>
         <value>0x23d</value>
      </symbol>
      <symbol id="sm-1a5">
         <name>led_On</name>
         <value>0x92c0</value>
         <object_component_ref idref="oc-1fc"/>
      </symbol>
      <symbol id="sm-1a6">
         <name>rele_On</name>
         <value>0x92d0</value>
         <object_component_ref idref="oc-329"/>
      </symbol>
      <symbol id="sm-1a7">
         <name>bsp_DelayMs</name>
         <value>0x92a0</value>
         <object_component_ref idref="oc-209"/>
      </symbol>
      <symbol id="sm-1a8">
         <name>cc_spiSIMO</name>
         <value>0x946a</value>
         <object_component_ref idref="oc-ad"/>
      </symbol>
      <symbol id="sm-1a9">
         <name>__TI_int08</name>
         <value>0xfff0</value>
         <object_component_ref idref="oc-32"/>
      </symbol>
      <symbol id="sm-1aa">
         <name>__TI_int07</name>
         <value>0xffee</value>
         <object_component_ref idref="oc-31"/>
      </symbol>
      <symbol id="sm-1ab">
         <name>__TI_int03</name>
         <value>0xffe6</value>
         <object_component_ref idref="oc-2e"/>
      </symbol>
      <symbol id="sm-1ac">
         <name>pinSw</name>
         <value>0x9406</value>
         <object_component_ref idref="oc-ad"/>
      </symbol>
      <symbol id="sm-1ad">
         <name>rf_getRxPacket</name>
         <value>0x8fd4</value>
         <object_component_ref idref="oc-203"/>
      </symbol>
      <symbol id="sm-1ae">
         <name>bsp_Init</name>
         <value>0x8396</value>
         <object_component_ref idref="oc-e3"/>
      </symbol>
      <symbol id="sm-1af">
         <name>rf_rxDataReady</name>
         <value>0x92d8</value>
         <object_component_ref idref="oc-1f5"/>
      </symbol>
      <symbol id="sm-1b0">
         <name>cc_spinCS</name>
         <value>0x947e</value>
         <object_component_ref idref="oc-ad"/>
      </symbol>
      <symbol id="sm-1b1">
         <name>cc_spiCLK</name>
         <value>0x9474</value>
         <object_component_ref idref="oc-ad"/>
      </symbol>
      <symbol id="sm-1b2">
         <name>rf_rxBufferLen</name>
         <value>0x26a</value>
         <object_component_ref idref="oc-bc"/>
      </symbol>
      <symbol id="sm-1b3">
         <name>Port2_ISR</name>
         <value>0x8b86</value>
         <object_component_ref idref="oc-59"/>
      </symbol>
      <symbol id="sm-1b4">
         <name>Ta1_ISR</name>
         <value>0x8e54</value>
         <object_component_ref idref="oc-65"/>
      </symbol>
      <symbol id="sm-1b5">
         <name>cc_gdo2</name>
         <value>0x9456</value>
         <object_component_ref idref="oc-ad"/>
      </symbol>
      <symbol id="sm-1b6">
         <name>cc_gdo0</name>
         <value>0x944c</value>
         <object_component_ref idref="oc-ad"/>
      </symbol>
      <symbol id="sm-1b7">
         <name>led_Off</name>
         <value>0x92b8</value>
         <object_component_ref idref="oc-210"/>
      </symbol>
      <symbol id="sm-1b8">
         <name>pinLedVerde</name>
         <value>0x93e8</value>
         <object_component_ref idref="oc-ad"/>
      </symbol>
      <symbol id="sm-1b9">
         <name>pinLed1</name>
         <value>0x93f2</value>
         <object_component_ref idref="oc-ad"/>
      </symbol>
      <symbol id="sm-1ba">
         <name>pinLed2</name>
         <value>0x93fc</value>
         <object_component_ref idref="oc-ad"/>
      </symbol>
      <symbol id="sm-1bb">
         <name>pinRele2</name>
         <value>0x9442</value>
         <object_component_ref idref="oc-ad"/>
      </symbol>
      <symbol id="sm-1bc">
         <name>pinRele1</name>
         <value>0x9438</value>
         <object_component_ref idref="oc-ad"/>
      </symbol>
      <symbol id="sm-1bd">
         <name>pinLedRojo</name>
         <value>0x93de</value>
         <object_component_ref idref="oc-ad"/>
      </symbol>
      <symbol id="sm-1be">
         <name>cc_spiSOMI</name>
         <value>0x9460</value>
         <object_component_ref idref="oc-ad"/>
      </symbol>
      <symbol id="sm-1bf">
         <name>rele_Off</name>
         <value>0x92c8</value>
         <object_component_ref idref="oc-322"/>
      </symbol>
      <symbol id="sm-1c0">
         <name>ISR_UartRx</name>
         <value>0x90ba</value>
         <object_component_ref idref="oc-5f"/>
      </symbol>
      <symbol id="sm-1c1">
         <name>pinSw1</name>
         <value>0x9410</value>
         <object_component_ref idref="oc-ad"/>
      </symbol>
      <symbol id="sm-1c2">
         <name>pinSw3</name>
         <value>0x9424</value>
         <object_component_ref idref="oc-ad"/>
      </symbol>
      <symbol id="sm-1c3">
         <name>pinSw2</name>
         <value>0x941a</value>
         <object_component_ref idref="oc-ad"/>
      </symbol>
      <symbol id="sm-1c4">
         <name>pinSw4</name>
         <value>0x942e</value>
         <object_component_ref idref="oc-ad"/>
      </symbol>
      <symbol id="sm-1c5">
         <name>UART_Rx_char</name>
         <value>0x923c</value>
         <object_component_ref idref="oc-169"/>
      </symbol>
      <symbol id="sm-230">
         <name>hal_cc2500_readReg</name>
         <value>0x8e88</value>
         <object_component_ref idref="oc-15b"/>
      </symbol>
      <symbol id="sm-231">
         <name>hal_cc2500_wakeup</name>
         <value>0x9074</value>
         <object_component_ref idref="oc-235"/>
      </symbol>
      <symbol id="sm-232">
         <name>hal_cc2500_readStatus</name>
         <value>0x8ebc</value>
         <object_component_ref idref="oc-14f"/>
      </symbol>
      <symbol id="sm-233">
         <name>hal_cc2500_writeReg</name>
         <value>0x8da0</value>
         <object_component_ref idref="oc-273"/>
      </symbol>
      <symbol id="sm-234">
         <name>hal_cc2500_WriteRFSettings</name>
         <value>0x8202</value>
         <object_component_ref idref="oc-1a0"/>
      </symbol>
      <symbol id="sm-235">
         <name>hal_cc2500_readBurstReg</name>
         <value>0x8c8e</value>
         <object_component_ref idref="oc-161"/>
      </symbol>
      <symbol id="sm-236">
         <name>hal_cc2500_receivePacket</name>
         <value>0x8496</value>
         <object_component_ref idref="oc-c3"/>
      </symbol>
      <symbol id="sm-237">
         <name>hal_cc2500_sendPacket</name>
         <value>0x881a</value>
         <object_component_ref idref="oc-282"/>
      </symbol>
      <symbol id="sm-238">
         <name>hal_cc2500_powerupReset</name>
         <value>0x9026</value>
         <object_component_ref idref="oc-19a"/>
      </symbol>
      <symbol id="sm-239">
         <name>hal_cc2500_strobe</name>
         <value>0x8f20</value>
         <object_component_ref idref="oc-155"/>
      </symbol>
      <symbol id="sm-23a">
         <name>hal_cc2500_status</name>
         <value>0x8ef0</value>
         <object_component_ref idref="oc-307"/>
      </symbol>
      <symbol id="sm-23b">
         <name>hal_cc2500_writeBurstReg</name>
         <value>0x8c3a</value>
         <object_component_ref idref="oc-2fb"/>
      </symbol>
      <symbol id="sm-28c">
         <name>hal_pin_in</name>
         <value>0x90da</value>
         <object_component_ref idref="oc-2d9"/>
      </symbol>
      <symbol id="sm-28d">
         <name>hal_pin_init</name>
         <value>0x9098</value>
         <object_component_ref idref="oc-183"/>
      </symbol>
      <symbol id="sm-28e">
         <name>hal_pin_intGetFlag</name>
         <value>0x90fa</value>
         <object_component_ref idref="oc-b0"/>
      </symbol>
      <symbol id="sm-28f">
         <name>hal_pin_config</name>
         <value>0x8000</value>
         <object_component_ref idref="oc-263"/>
      </symbol>
      <symbol id="sm-290">
         <name>hal_pin_intDisable</name>
         <value>0x91a2</value>
         <object_component_ref idref="oc-301"/>
      </symbol>
      <symbol id="sm-291">
         <name>hal_pin_out</name>
         <value>0x8e1c</value>
         <object_component_ref idref="oc-22f"/>
      </symbol>
      <symbol id="sm-292">
         <name>hal_pin_intClearFlag</name>
         <value>0x918a</value>
         <object_component_ref idref="oc-b6"/>
      </symbol>
      <symbol id="sm-293">
         <name>hal_pin_intEnable</name>
         <value>0x91ba</value>
         <object_component_ref idref="oc-30d"/>
      </symbol>
      <symbol id="sm-294">
         <name>pinPort</name>
         <value>0x9488</value>
         <object_component_ref idref="oc-13b"/>
      </symbol>
      <symbol id="sm-2cc">
         <name>spiBaseAdd</name>
         <value>0x256</value>
      </symbol>
      <symbol id="sm-2cd">
         <name>spi1_txBufReady</name>
         <value>0x91d2</value>
         <object_component_ref idref="oc-2e1"/>
      </symbol>
      <symbol id="sm-2ce">
         <name>spi1_setup</name>
         <value>0x8f4e</value>
         <object_component_ref idref="oc-194"/>
      </symbol>
      <symbol id="sm-2cf">
         <name>spi1_wr</name>
         <value>0x8fa8</value>
         <object_component_ref idref="oc-241"/>
      </symbol>
      <symbol id="sm-2d0">
         <name>spi1_busy</name>
         <value>0x92ac</value>
         <object_component_ref idref="oc-248"/>
      </symbol>
      <symbol id="sm-2d1">
         <name>spi1_rxFinish</name>
         <value>0x911a</value>
         <object_component_ref idref="oc-2ea"/>
      </symbol>
      <symbol id="sm-2d2">
         <name>spi1_write</name>
         <value>0x9154</value>
         <object_component_ref idref="oc-23b"/>
      </symbol>
      <symbol id="sm-35e">
         <name>rx</name>
         <value>0x236</value>
      </symbol>
      <symbol id="sm-35f">
         <name>Sw</name>
         <value>0x24a</value>
      </symbol>
      <symbol id="sm-360">
         <name>Led1</name>
         <value>0x23e</value>
      </symbol>
      <symbol id="sm-361">
         <name>Led2</name>
         <value>0x240</value>
      </symbol>
      <symbol id="sm-362">
         <name>Sw1</name>
         <value>0x24c</value>
      </symbol>
      <symbol id="sm-363">
         <name>Sw2</name>
         <value>0x24e</value>
      </symbol>
      <symbol id="sm-364">
         <name>Sw3</name>
         <value>0x250</value>
      </symbol>
      <symbol id="sm-365">
         <name>Sw4</name>
         <value>0x252</value>
      </symbol>
      <symbol id="sm-366">
         <name>Rele1</name>
         <value>0x246</value>
      </symbol>
      <symbol id="sm-367">
         <name>Rele2</name>
         <value>0x248</value>
      </symbol>
      <symbol id="sm-368">
         <name>analizar_trama_uartrx_rele</name>
         <value>0x8750</value>
         <object_component_ref idref="oc-f2"/>
      </symbol>
      <symbol id="sm-369">
         <name>app_comando_reqTemp</name>
         <value>0x92f4</value>
         <object_component_ref idref="oc-2bb"/>
      </symbol>
      <symbol id="sm-36a">
         <name>analizar_trama_uartrx_led</name>
         <value>0x8686</value>
         <object_component_ref idref="oc-107"/>
      </symbol>
      <symbol id="sm-36b">
         <name>app_comando_respTemp</name>
         <value>0x92f6</value>
         <object_component_ref idref="oc-2cc"/>
      </symbol>
      <symbol id="sm-36c">
         <name>borrar_uartrx_buffer</name>
         <value>0x91ea</value>
         <object_component_ref idref="oc-f8"/>
      </symbol>
      <symbol id="sm-36d">
         <name>app_comando_reqLed</name>
         <value>0x8d20</value>
         <object_component_ref idref="oc-2b4"/>
      </symbol>
      <symbol id="sm-36e">
         <name>APP_ISR_uartrx</name>
         <value>0x8ffe</value>
         <object_component_ref idref="oc-cb"/>
      </symbol>
      <symbol id="sm-36f">
         <name>app_comando_reqRele</name>
         <value>0x8d60</value>
         <object_component_ref idref="oc-2ad"/>
      </symbol>
      <symbol id="sm-370">
         <name>main</name>
         <value>0x88ce</value>
         <object_component_ref idref="oc-77"/>
      </symbol>
      <symbol id="sm-371">
         <name>datos</name>
         <value>0x25e</value>
         <object_component_ref idref="oc-fe"/>
      </symbol>
      <symbol id="sm-372">
         <name>analizar_dato_uartrx</name>
         <value>0x8968</value>
         <object_component_ref idref="oc-ec"/>
      </symbol>
      <symbol id="sm-382">
         <name>_c_int00_noexit</name>
         <value>0x9170</value>
         <object_component_ref idref="oc-38"/>
      </symbol>
      <symbol id="sm-383">
         <name>_c_int00</name>
         <value>0x9170</value>
         <object_component_ref idref="oc-38"/>
      </symbol>
      <symbol id="sm-384">
         <name>_stack</name>
         <value>0x5b0</value>
         <object_component_ref idref="oc-50"/>
      </symbol>
      <symbol id="sm-385">
         <name>_reset_vector</name>
         <value>0xfffe</value>
         <object_component_ref idref="oc-53"/>
      </symbol>
      <symbol id="sm-39b">
         <name>__TI_decompress_none</name>
         <value>0x924e</value>
         <object_component_ref idref="oc-3e"/>
      </symbol>
      <symbol id="sm-3bd">
         <name>__TI_decompress_rle24</name>
         <value>0x92e6</value>
         <object_component_ref idref="oc-4a"/>
      </symbol>
      <symbol id="sm-3d5">
         <name>__TI_zero_init</name>
         <value>0x9200</value>
         <object_component_ref idref="oc-44"/>
      </symbol>
      <symbol id="sm-3de">
         <name>__mspabi_func_epilog_2</name>
         <value>0x928e</value>
         <object_component_ref idref="oc-dc"/>
      </symbol>
      <symbol id="sm-3df">
         <name>__mspabi_func_epilog_3</name>
         <value>0x928c</value>
         <object_component_ref idref="oc-dc"/>
      </symbol>
      <symbol id="sm-3e0">
         <name>__mspabi_func_epilog_1</name>
         <value>0x9290</value>
         <object_component_ref idref="oc-dc"/>
      </symbol>
      <symbol id="sm-3e1">
         <name>__mspabi_func_epilog_6</name>
         <value>0x9286</value>
         <object_component_ref idref="oc-dc"/>
      </symbol>
      <symbol id="sm-3e2">
         <name>__mspabi_func_epilog_7</name>
         <value>0x9284</value>
         <object_component_ref idref="oc-dc"/>
      </symbol>
      <symbol id="sm-3e3">
         <name>__mspabi_func_epilog_4</name>
         <value>0x928a</value>
         <object_component_ref idref="oc-dc"/>
      </symbol>
      <symbol id="sm-3e4">
         <name>__mspabi_func_epilog_5</name>
         <value>0x9288</value>
         <object_component_ref idref="oc-dc"/>
      </symbol>
      <symbol id="sm-3ee">
         <name>C$$EXIT</name>
         <value>0x92f0</value>
         <object_component_ref idref="oc-7d"/>
      </symbol>
      <symbol id="sm-3ef">
         <name>abort</name>
         <value>0x92f0</value>
         <object_component_ref idref="oc-7d"/>
      </symbol>
      <symbol id="sm-3f2">
         <name>__TI_int02</name>
         <value>0xffe4</value>
         <object_component_ref idref="oc-2d"/>
      </symbol>
      <symbol id="sm-3f5">
         <name>__TI_int05</name>
         <value>0xffea</value>
         <object_component_ref idref="oc-2f"/>
      </symbol>
      <symbol id="sm-3f8">
         <name>__TI_int06</name>
         <value>0xffec</value>
         <object_component_ref idref="oc-30"/>
      </symbol>
      <symbol id="sm-3fb">
         <name>__TI_int09</name>
         <value>0xfff2</value>
         <object_component_ref idref="oc-33"/>
      </symbol>
      <symbol id="sm-3fe">
         <name>__TI_int10</name>
         <value>0xfff4</value>
         <object_component_ref idref="oc-34"/>
      </symbol>
      <symbol id="sm-401">
         <name>__TI_int12</name>
         <value>0xfff8</value>
         <object_component_ref idref="oc-35"/>
      </symbol>
      <symbol id="sm-404">
         <name>__TI_int13</name>
         <value>0xfffa</value>
         <object_component_ref idref="oc-36"/>
      </symbol>
      <symbol id="sm-407">
         <name>__TI_int14</name>
         <value>0xfffc</value>
         <object_component_ref idref="oc-37"/>
      </symbol>
      <symbol id="sm-40f">
         <name>__TI_ISR_TRAP</name>
         <value>0x92e0</value>
         <object_component_ref idref="oc-54"/>
      </symbol>
      <symbol id="sm-41d">
         <name>memcpy</name>
         <value>0x9260</value>
         <object_component_ref idref="oc-84"/>
      </symbol>
      <symbol id="sm-42b">
         <name>memset</name>
         <value>0x9214</value>
         <object_component_ref idref="oc-296"/>
      </symbol>
      <symbol id="sm-436">
         <name>__mspabi_mpyi</name>
         <value>0x9228</value>
         <object_component_ref idref="oc-136"/>
      </symbol>
      <symbol id="sm-43f">
         <name>_system_pre_init</name>
         <value>0x92ec</value>
         <object_component_ref idref="oc-6b"/>
      </symbol>
      <symbol id="sm-44e">
         <name>strncmp</name>
         <value>0x904e</value>
         <object_component_ref idref="oc-1b9"/>
      </symbol>
      <symbol id="sm-466">
         <name>_auto_init</name>
         <value>0x8b28</value>
         <object_component_ref idref="oc-71"/>
      </symbol>
      <symbol id="sm-467">
         <name>__TI_exit</name>
         <value>0x1</value>
      </symbol>
      <symbol id="sm-468">
         <name>__TI_args_main</name>
         <value>0x1</value>
      </symbol>
      <symbol id="sm-469">
         <name>__TI_INITARRAY_Base</name>
         <value>0x0</value>
      </symbol>
      <symbol id="sm-46a">
         <name>__TI_INITARRAY_Limit</name>
         <value>0x0</value>
      </symbol>
      <symbol id="sm-46d">
         <name>rf_sendPacket</name>
         <value>0x881a</value>
      </symbol>
   </symbol_table>
   <title>Link successful</title>
</link_info>
