******************************************************************************
                  MSP430 Linker PC v4.3.3                      
******************************************************************************
>> Linked Tue Feb 10 17:50:23 2015

OUTPUT FILE NAME:   <NodoUCC.out>
ENTRY POINT SYMBOL: "_c_int00"  address: 00008e4e


MEMORY CONFIGURATION

         name            origin    length      used     unused   attr    fill
----------------------  --------  ---------  --------  --------  ----  --------
  SFR                   00000000   00000010  00000000  00000010  RWIX
  PERIPHERALS_8BIT      00000010   000000f0  00000000  000000f0  RWIX
  PERIPHERALS_16BIT     00000100   00000100  00000000  00000100  RWIX
  RAM                   00000200   00000400  000000bb  00000345  RWIX
  INFOD                 00001000   00000040  00000000  00000040  RWIX
  INFOC                 00001040   00000040  00000000  00000040  RWIX
  INFOB                 00001080   00000040  00000000  00000040  RWIX
  INFOA                 000010c0   00000040  00000000  00000040  RWIX
  FLASH                 00008000   00007fde  000010e6  00006ef8  RWIX
  INT00                 0000ffe0   00000002  00000000  00000002  RWIX
  INT01                 0000ffe2   00000002  00000000  00000002  RWIX
  INT02                 0000ffe4   00000002  00000002  00000000  RWIX
  INT03                 0000ffe6   00000002  00000002  00000000  RWIX
  INT04                 0000ffe8   00000002  00000000  00000002  RWIX
  INT05                 0000ffea   00000002  00000002  00000000  RWIX
  INT06                 0000ffec   00000002  00000002  00000000  RWIX
  INT07                 0000ffee   00000002  00000002  00000000  RWIX
  INT08                 0000fff0   00000002  00000002  00000000  RWIX
  INT09                 0000fff2   00000002  00000002  00000000  RWIX
  INT10                 0000fff4   00000002  00000002  00000000  RWIX
  INT11                 0000fff6   00000002  00000000  00000002  RWIX
  INT12                 0000fff8   00000002  00000002  00000000  RWIX
  INT13                 0000fffa   00000002  00000002  00000000  RWIX
  INT14                 0000fffc   00000002  00000002  00000000  RWIX
  RESET                 0000fffe   00000002  00000002  00000000  RWIX


SECTION ALLOCATION MAP

 output                                  attributes/
section   page    origin      length       input sections
--------  ----  ----------  ----------   ----------------
.init_array 
*          0    00008000    00000000     UNINITIALIZED

.bss       0    00000200    0000005d     UNINITIALIZED
                  00000200    00000012     (.common:rxBuffer)
                  00000212    00000012     (.common:rxTrama)
                  00000224    00000012     (.common:txTrama)
                  00000236    00000004     (.common:intensidad)
                  0000023a    00000002     (.common:Led1)
                  0000023c    00000002     (.common:Led2)
                  0000023e    00000002     (.common:LedRojo)
                  00000240    00000002     (.common:LedVerde)
                  00000242    00000002     (.common:Rele1)
                  00000244    00000002     (.common:Rele2)
                  00000246    00000002     (.common:Sw)
                  00000248    00000002     (.common:Sw1)
                  0000024a    00000002     (.common:Sw2)
                  0000024c    00000002     (.common:Sw3)
                  0000024e    00000002     (.common:Sw4)
                  00000250    00000002     (.common:bsp_contMs)
                  00000252    00000002     (.common:spiBaseAdd)
                  00000254    00000002     (.common:timeout_ack)
                  00000256    00000001     (.common:bspFlags)
                  00000257    00000001     (.common:idTramaRx)
                  00000258    00000001     (.common:netFlags)
                  00000259    00000001     (.common:nodo_actual)
                  0000025a    00000001     (.common:req_retrans)
                  0000025b    00000001     (.common:rssi)
                  0000025c    00000001     (.common:rxAddr)

.TI.noinit 
*          0    00000200    00000000     UNINITIALIZED

.data      0    0000025e    0000000e     UNINITIALIZED
                  0000025e    0000000a     main.obj (.data:datos)
                  00000268    00000002     Network.obj (.data)
                  0000026a    00000001     bsp.obj (.data)
                  0000026b    00000001     main.obj (.data)

.TI.persistent 
*          0    0000025e    00000000     UNINITIALIZED

.stack     0    000005b0    00000050     UNINITIALIZED
                  000005b0    00000002     rts430_eabi.lib : boot.obj (.stack)
                  000005b2    0000004e     --HOLE--

.text      0    00008000    00000fcc     
                  00008000    00000202     hal_pin.obj (.text:hal_pin_config)
                  00008202    00000194     hal_cc2500.obj (.text:hal_cc2500_WriteRFSettings)
                  00008396    00000100     bsp.obj (.text:bsp_Init)
                  00008496    000000fa     hal_cc2500.obj (.text:hal_cc2500_receivePacket)
                  00008590    000000f6     Network.obj (.text:net_analizarTrama)
                  00008686    000000b4     hal_cc2500.obj (.text:hal_cc2500_sendPacket)
                  0000873a    0000006c     Network.obj (.text:net_SendRequest)
                  000087a6    0000006a     Network.obj (.text:net_prossesNetwork)
                  00008810    0000005e     rts430_eabi.lib : copy_decompress_rle.obj (.text:__TI_decompress_rle_core)
                  0000886e    0000005e                     : autoinit.obj (.text:_auto_init)
                  000088cc    0000005a     Network.obj (.text:net_sendtrama)
                  00008926    00000058     bsp.obj (.text:Port2_ISR)
                  0000897e    00000054     hal_cc2500.obj (.text:hal_cc2500_writeBurstReg)
                  000089d2    0000004a     hal_cc2500.obj (.text:hal_cc2500_readBurstReg)
                  00008a1c    00000048     Network.obj (.text:net_SendResponse)
                  00008a64    00000040     main.obj (.text:app_comando_reqLed)
                  00008aa4    00000040     main.obj (.text:app_comando_reqRele)
                  00008ae4    00000040     hal_cc2500.obj (.text:hal_cc2500_writeReg)
                  00008b24    0000003c     TI_MSP_UART.obj (.text:Init_UART)
                  00008b60    00000038     hal_pin.obj (.text:hal_pin_out)
                  00008b98    00000034     bsp.obj (.text:Ta1_ISR)
                  00008bcc    00000034     hal_cc2500.obj (.text:hal_cc2500_readReg)
                  00008c00    00000034     hal_cc2500.obj (.text:hal_cc2500_readStatus)
                  00008c34    00000034     main.obj (.text:main)
                  00008c68    00000030     hal_cc2500.obj (.text:hal_cc2500_status)
                  00008c98    0000002e     hal_cc2500.obj (.text:hal_cc2500_strobe)
                  00008cc6    0000002e     hal_usci_spi.obj (.text:spi1_setup)
                  00008cf4    0000002c     hal_usci_spi.obj (.text:spi1_wr)
                  00008d20    0000002a     bsp.obj (.text:rf_getRxPacket)
                  00008d4a    00000028     hal_cc2500.obj (.text:hal_cc2500_powerupReset)
                  00008d72    00000024     hal_cc2500.obj (.text:hal_cc2500_wakeup)
                  00008d96    00000022     hal_pin.obj (.text:hal_pin_init)
                  00008db8    00000020     hal_pin.obj (.text:hal_pin_in)
                  00008dd8    00000020     hal_pin.obj (.text:hal_pin_intGetFlag)
                  00008df8    0000001e     hal_usci_spi.obj (.text:spi1_rxFinish)
                  00008e16    0000001c     Network.obj (.text:chksum)
                  00008e32    0000001c     hal_usci_spi.obj (.text:spi1_write)
                  00008e4e    0000001a     rts430_eabi.lib : boot.obj (.text:_c_int00_noexit)
                  00008e68    00000018     hal_pin.obj (.text:hal_pin_intClearFlag)
                  00008e80    00000018     hal_pin.obj (.text:hal_pin_intDisable)
                  00008e98    00000018     hal_pin.obj (.text:hal_pin_intEnable)
                  00008eb0    00000018     hal_usci_spi.obj (.text:spi1_txBufReady)
                  00008ec8    00000014     rts430_eabi.lib : copy_zero_init.obj (.text:decompress:ZI:__TI_zero_init)
                  00008edc    00000014                     : memset.obj (.text:memset)
                  00008ef0    00000014                     : mult16.obj (.text)
                  00008f04    00000012                     : copy_decompress_none.obj (.text:decompress:none:__TI_decompress_none)
                  00008f16    00000012                     : memcpy.obj (.text:memcpy)
                  00008f28    00000012     Network.obj (.text:net_1ms_ISR)
                  00008f3a    00000010     main.obj (.text:app_comando_reqRSSI)
                  00008f4a    00000010     rts430_eabi.lib : epilog.obj (.text)
                  00008f5a    0000000e     main.obj (.text:app_comando_respRSSI)
                  00008f68    0000000c     bsp.obj (.text:bsp_DelayMs)
                  00008f74    0000000c     hal_usci_spi.obj (.text:spi1_busy)
                  00008f80    0000000a     bsp.obj (.text:ISR_UartRx)
                  00008f8a    00000008     bsp.obj (.text:led_Off)
                  00008f92    00000008     bsp.obj (.text:led_On)
                  00008f9a    00000008     bsp.obj (.text:rele_Off)
                  00008fa2    00000008     bsp.obj (.text:rele_On)
                  00008faa    00000008     bsp.obj (.text:rf_rxDataReady)
                  00008fb2    00000006     rts430_eabi.lib : isr_trap.obj (.text:__TI_ISR_TRAP)
                  00008fb8    00000006                     : copy_decompress_rle.obj (.text:decompress:rle24:__TI_decompress_rle24)
                  00008fbe    00000006     bsp.obj (.text:sw_getState)
                  00008fc4    00000004     rts430_eabi.lib : pre_init.obj (.text:_system_pre_init)
                  00008fc8    00000004                     : exit.obj (.text:abort)

.const     0    00008fcc    000000fa     
                  00008fcc    000000aa     bsp.obj (.const)
                  00009076    00000050     hal_pin.obj (.const:pinPort)

.cinit     0    000090c6    00000020     
                  000090c6    0000000d     (.cinit..data.load) [load image, compression = rle]
                  000090d3    00000001     --HOLE-- [fill = 0]
                  000090d4    00000006     (__TI_handler_table)
                  000090da    00000004     (.cinit..bss.load) [load image, compression = zero_init]
                  000090de    00000008     (__TI_cinit_table)

PORT1      0    0000ffe4    00000002     
                  0000ffe4    00000002     rts430_eabi.lib : int02.obj (.int02)

PORT2      0    0000ffe6    00000002     
                  0000ffe6    00000002     bsp.obj (.int03)

ADC10      0    0000ffea    00000002     
                  0000ffea    00000002     rts430_eabi.lib : int05.obj (.int05)

USCIAB0TX 
*          0    0000ffec    00000002     
                  0000ffec    00000002     rts430_eabi.lib : int06.obj (.int06)

USCIAB0RX 
*          0    0000ffee    00000002     
                  0000ffee    00000002     bsp.obj (.int07)

TIMERA1    0    0000fff0    00000002     
                  0000fff0    00000002     bsp.obj (.int08)

TIMERA0    0    0000fff2    00000002     
                  0000fff2    00000002     rts430_eabi.lib : int09.obj (.int09)

WDT        0    0000fff4    00000002     
                  0000fff4    00000002     rts430_eabi.lib : int10.obj (.int10)

TIMERB1    0    0000fff8    00000002     
                  0000fff8    00000002     rts430_eabi.lib : int12.obj (.int12)

TIMERB0    0    0000fffa    00000002     
                  0000fffa    00000002     rts430_eabi.lib : int13.obj (.int13)

NMI        0    0000fffc    00000002     
                  0000fffc    00000002     rts430_eabi.lib : int14.obj (.int14)

.reset     0    0000fffe    00000002     
                  0000fffe    00000002     rts430_eabi.lib : boot.obj (.reset)


LINKER GENERATED COPY TABLES

__TI_cinit_table @ 000090de records: 2, size/record: 4, table size: 8
	.data: load addr=000090c6, load size=0000000d bytes, run addr=0000025e, run size=0000000e bytes, compression=rle
	.bss: load addr=000090da, load size=00000004 bytes, run addr=00000200, run size=0000005d bytes, compression=zero_init


LINKER GENERATED HANDLER TABLE

__TI_handler_table @ 000090d4 records: 3, size/record: 2, table size: 6
	index: 0, handler: __TI_zero_init
	index: 1, handler: __TI_decompress_rle24
	index: 2, handler: __TI_decompress_none


GLOBAL SYMBOLS: SORTED ALPHABETICALLY BY Name 

address    name
--------   ----
0000004a   ADC10AE0
0000004b   ADC10AE1
000001b0   ADC10CTL0
000001b2   ADC10CTL1
00000048   ADC10DTC0
00000049   ADC10DTC1
000001b4   ADC10MEM
000001bc   ADC10SA
00000057   BCSCTL1
00000058   BCSCTL2
00000053   BCSCTL3
00008fc8   C$$EXIT
000010fb   CALBC1_12MHZ
000010f9   CALBC1_16MHZ
000010ff   CALBC1_1MHZ
000010fd   CALBC1_8MHZ
000010fa   CALDCO_12MHZ
000010f8   CALDCO_16MHZ
000010fe   CALDCO_1MHZ
000010fc   CALDCO_8MHZ
00000056   DCOCTL
00000128   FCTL1
0000012a   FCTL2
0000012c   FCTL3
00000000   IE1
00000001   IE2
00000002   IFG1
00000003   IFG2
00008f80   ISR_UartRx
00008b24   Init_UART
0000023a   Led1
0000023c   Led2
0000023e   LedRojo
00000240   LedVerde
000000c0   OA0CTL0
000000c1   OA0CTL1
000000c2   OA1CTL0
000000c3   OA1CTL1
00000022   P1DIR
00000025   P1IE
00000024   P1IES
00000023   P1IFG
00000020   P1IN
00000021   P1OUT
00000027   P1REN
00000026   P1SEL
0000002a   P2DIR
0000002d   P2IE
0000002c   P2IES
0000002b   P2IFG
00000028   P2IN
00000029   P2OUT
0000002f   P2REN
0000002e   P2SEL
0000001a   P3DIR
00000018   P3IN
00000019   P3OUT
00000010   P3REN
0000001b   P3SEL
0000001e   P4DIR
0000001c   P4IN
0000001d   P4OUT
00000011   P4REN
0000001f   P4SEL
00008926   Port2_ISR
00000242   Rele1
00000244   Rele2
00000246   Sw
00000248   Sw1
0000024a   Sw2
0000024c   Sw3
0000024e   Sw4
00000172   TACCR0
00000174   TACCR1
00000176   TACCR2
00000162   TACCTL0
00000164   TACCTL1
00000166   TACCTL2
00000160   TACTL
0000012e   TAIV
00000170   TAR
00000192   TBCCR0
00000194   TBCCR1
00000196   TBCCR2
00000182   TBCCTL0
00000184   TBCCTL1
00000186   TBCCTL2
00000180   TBCTL
0000011e   TBIV
00000190   TBR
00008b98   Ta1_ISR
0000005d   UCA0ABCTL
00000062   UCA0BR0
00000063   UCA0BR1
00000060   UCA0CTL0
00000061   UCA0CTL1
0000005f   UCA0IRRCTL
0000005e   UCA0IRTCTL
00000064   UCA0MCTL
00000066   UCA0RXBUF
00000065   UCA0STAT
00000067   UCA0TXBUF
0000006a   UCB0BR0
0000006b   UCB0BR1
00000068   UCB0CTL0
00000069   UCB0CTL1
0000006c   UCB0I2CIE
00000118   UCB0I2COA
0000011a   UCB0I2CSA
0000006e   UCB0RXBUF
0000006d   UCB0STAT
0000006f   UCB0TXBUF
00000120   WDTCTL
00000600   __STACK_END
00000050   __STACK_SIZE
000090de   __TI_CINIT_Base
000090e6   __TI_CINIT_Limit
000090d4   __TI_Handler_Table_Base
000090da   __TI_Handler_Table_Limit
UNDEFED    __TI_INITARRAY_Base
UNDEFED    __TI_INITARRAY_Limit
00008fb2   __TI_ISR_TRAP
00000001   __TI_args_main
00008f04   __TI_decompress_none
00008fb8   __TI_decompress_rle24
00000001   __TI_exit
0000ffe4   __TI_int02
0000ffe6   __TI_int03
0000ffea   __TI_int05
0000ffec   __TI_int06
0000ffee   __TI_int07
0000fff0   __TI_int08
0000fff2   __TI_int09
0000fff4   __TI_int10
0000fff8   __TI_int12
0000fffa   __TI_int13
0000fffc   __TI_int14
00008ec8   __TI_zero_init
ffffffff   __binit__
ffffffff   __c_args__
00008f56   __mspabi_func_epilog_1
00008f54   __mspabi_func_epilog_2
00008f52   __mspabi_func_epilog_3
00008f50   __mspabi_func_epilog_4
00008f4e   __mspabi_func_epilog_5
00008f4c   __mspabi_func_epilog_6
00008f4a   __mspabi_func_epilog_7
00008ef0   __mspabi_mpyi
0000886e   _auto_init
00008e4e   _c_int00
00008e4e   _c_int00_noexit
0000fffe   _reset_vector
000005b0   _stack
00008fc4   _system_pre_init
00008fc8   abort
00008a64   app_comando_reqLed
00008f3a   app_comando_reqRSSI
00008aa4   app_comando_reqRele
00008f5a   app_comando_respRSSI
ffffffff   binit
00000256   bspFlags
00008f68   bsp_DelayMs
00008396   bsp_Init
00000250   bsp_contMs
0000903a   cc_gdo0
00009044   cc_gdo2
00009062   cc_spiCLK
00009058   cc_spiSIMO
0000904e   cc_spiSOMI
0000906c   cc_spinCS
00008e16   chksum
0000025e   datos
00008202   hal_cc2500_WriteRFSettings
00008d4a   hal_cc2500_powerupReset
000089d2   hal_cc2500_readBurstReg
00008bcc   hal_cc2500_readReg
00008c00   hal_cc2500_readStatus
00008496   hal_cc2500_receivePacket
00008686   hal_cc2500_sendPacket
00008c68   hal_cc2500_status
00008c98   hal_cc2500_strobe
00008d72   hal_cc2500_wakeup
0000897e   hal_cc2500_writeBurstReg
00008ae4   hal_cc2500_writeReg
00008000   hal_pin_config
00008db8   hal_pin_in
00008d96   hal_pin_init
00008e68   hal_pin_intClearFlag
00008e80   hal_pin_intDisable
00008e98   hal_pin_intEnable
00008dd8   hal_pin_intGetFlag
00008b60   hal_pin_out
00000268   idTrama
00000257   idTramaRx
00000236   intensidad
00008f8a   led_Off
00008f92   led_On
00008c34   main
00008f16   memcpy
00008edc   memset
00000269   myAddr
00000258   netFlags
00008f28   net_1ms_ISR
0000873a   net_SendRequest
00008a1c   net_SendResponse
00008590   net_analizarTrama
000087a6   net_prossesNetwork
000088cc   net_sendtrama
0000026b   nodo
00000259   nodo_actual
00008fe0   pinLed1
00008fea   pinLed2
00008fcc   pinLedRojo
00008fd6   pinLedVerde
00009076   pinPort
00009026   pinRele1
00009030   pinRele2
00008ff4   pinSw
00008ffe   pinSw1
00009008   pinSw2
00009012   pinSw3
0000901c   pinSw4
00008f9a   rele_Off
00008fa2   rele_On
0000025a   req_retrans
00008d20   rf_getRxPacket
0000026a   rf_rxBufferLen
00008faa   rf_rxDataReady
00008686   rf_sendPacket
0000025b   rssi
0000025c   rxAddr
00000200   rxBuffer
00000212   rxTrama
00008f74   spi1_busy
00008df8   spi1_rxFinish
00008cc6   spi1_setup
00008eb0   spi1_txBufReady
00008cf4   spi1_wr
00008e32   spi1_write
00000252   spiBaseAdd
00008fbe   sw_getState
00000254   timeout_ack
00000224   txTrama


GLOBAL SYMBOLS: SORTED BY Symbol Address 

address    name
--------   ----
00000000   IE1
00000001   IE2
00000001   __TI_args_main
00000001   __TI_exit
00000002   IFG1
00000003   IFG2
00000010   P3REN
00000011   P4REN
00000018   P3IN
00000019   P3OUT
0000001a   P3DIR
0000001b   P3SEL
0000001c   P4IN
0000001d   P4OUT
0000001e   P4DIR
0000001f   P4SEL
00000020   P1IN
00000021   P1OUT
00000022   P1DIR
00000023   P1IFG
00000024   P1IES
00000025   P1IE
00000026   P1SEL
00000027   P1REN
00000028   P2IN
00000029   P2OUT
0000002a   P2DIR
0000002b   P2IFG
0000002c   P2IES
0000002d   P2IE
0000002e   P2SEL
0000002f   P2REN
00000048   ADC10DTC0
00000049   ADC10DTC1
0000004a   ADC10AE0
0000004b   ADC10AE1
00000050   __STACK_SIZE
00000053   BCSCTL3
00000056   DCOCTL
00000057   BCSCTL1
00000058   BCSCTL2
0000005d   UCA0ABCTL
0000005e   UCA0IRTCTL
0000005f   UCA0IRRCTL
00000060   UCA0CTL0
00000061   UCA0CTL1
00000062   UCA0BR0
00000063   UCA0BR1
00000064   UCA0MCTL
00000065   UCA0STAT
00000066   UCA0RXBUF
00000067   UCA0TXBUF
00000068   UCB0CTL0
00000069   UCB0CTL1
0000006a   UCB0BR0
0000006b   UCB0BR1
0000006c   UCB0I2CIE
0000006d   UCB0STAT
0000006e   UCB0RXBUF
0000006f   UCB0TXBUF
000000c0   OA0CTL0
000000c1   OA0CTL1
000000c2   OA1CTL0
000000c3   OA1CTL1
00000118   UCB0I2COA
0000011a   UCB0I2CSA
0000011e   TBIV
00000120   WDTCTL
00000128   FCTL1
0000012a   FCTL2
0000012c   FCTL3
0000012e   TAIV
00000160   TACTL
00000162   TACCTL0
00000164   TACCTL1
00000166   TACCTL2
00000170   TAR
00000172   TACCR0
00000174   TACCR1
00000176   TACCR2
00000180   TBCTL
00000182   TBCCTL0
00000184   TBCCTL1
00000186   TBCCTL2
00000190   TBR
00000192   TBCCR0
00000194   TBCCR1
00000196   TBCCR2
000001b0   ADC10CTL0
000001b2   ADC10CTL1
000001b4   ADC10MEM
000001bc   ADC10SA
00000200   rxBuffer
00000212   rxTrama
00000224   txTrama
00000236   intensidad
0000023a   Led1
0000023c   Led2
0000023e   LedRojo
00000240   LedVerde
00000242   Rele1
00000244   Rele2
00000246   Sw
00000248   Sw1
0000024a   Sw2
0000024c   Sw3
0000024e   Sw4
00000250   bsp_contMs
00000252   spiBaseAdd
00000254   timeout_ack
00000256   bspFlags
00000257   idTramaRx
00000258   netFlags
00000259   nodo_actual
0000025a   req_retrans
0000025b   rssi
0000025c   rxAddr
0000025e   datos
00000268   idTrama
00000269   myAddr
0000026a   rf_rxBufferLen
0000026b   nodo
000005b0   _stack
00000600   __STACK_END
000010f8   CALDCO_16MHZ
000010f9   CALBC1_16MHZ
000010fa   CALDCO_12MHZ
000010fb   CALBC1_12MHZ
000010fc   CALDCO_8MHZ
000010fd   CALBC1_8MHZ
000010fe   CALDCO_1MHZ
000010ff   CALBC1_1MHZ
00008000   hal_pin_config
00008202   hal_cc2500_WriteRFSettings
00008396   bsp_Init
00008496   hal_cc2500_receivePacket
00008590   net_analizarTrama
00008686   hal_cc2500_sendPacket
00008686   rf_sendPacket
0000873a   net_SendRequest
000087a6   net_prossesNetwork
0000886e   _auto_init
000088cc   net_sendtrama
00008926   Port2_ISR
0000897e   hal_cc2500_writeBurstReg
000089d2   hal_cc2500_readBurstReg
00008a1c   net_SendResponse
00008a64   app_comando_reqLed
00008aa4   app_comando_reqRele
00008ae4   hal_cc2500_writeReg
00008b24   Init_UART
00008b60   hal_pin_out
00008b98   Ta1_ISR
00008bcc   hal_cc2500_readReg
00008c00   hal_cc2500_readStatus
00008c34   main
00008c68   hal_cc2500_status
00008c98   hal_cc2500_strobe
00008cc6   spi1_setup
00008cf4   spi1_wr
00008d20   rf_getRxPacket
00008d4a   hal_cc2500_powerupReset
00008d72   hal_cc2500_wakeup
00008d96   hal_pin_init
00008db8   hal_pin_in
00008dd8   hal_pin_intGetFlag
00008df8   spi1_rxFinish
00008e16   chksum
00008e32   spi1_write
00008e4e   _c_int00
00008e4e   _c_int00_noexit
00008e68   hal_pin_intClearFlag
00008e80   hal_pin_intDisable
00008e98   hal_pin_intEnable
00008eb0   spi1_txBufReady
00008ec8   __TI_zero_init
00008edc   memset
00008ef0   __mspabi_mpyi
00008f04   __TI_decompress_none
00008f16   memcpy
00008f28   net_1ms_ISR
00008f3a   app_comando_reqRSSI
00008f4a   __mspabi_func_epilog_7
00008f4c   __mspabi_func_epilog_6
00008f4e   __mspabi_func_epilog_5
00008f50   __mspabi_func_epilog_4
00008f52   __mspabi_func_epilog_3
00008f54   __mspabi_func_epilog_2
00008f56   __mspabi_func_epilog_1
00008f5a   app_comando_respRSSI
00008f68   bsp_DelayMs
00008f74   spi1_busy
00008f80   ISR_UartRx
00008f8a   led_Off
00008f92   led_On
00008f9a   rele_Off
00008fa2   rele_On
00008faa   rf_rxDataReady
00008fb2   __TI_ISR_TRAP
00008fb8   __TI_decompress_rle24
00008fbe   sw_getState
00008fc4   _system_pre_init
00008fc8   C$$EXIT
00008fc8   abort
00008fcc   pinLedRojo
00008fd6   pinLedVerde
00008fe0   pinLed1
00008fea   pinLed2
00008ff4   pinSw
00008ffe   pinSw1
00009008   pinSw2
00009012   pinSw3
0000901c   pinSw4
00009026   pinRele1
00009030   pinRele2
0000903a   cc_gdo0
00009044   cc_gdo2
0000904e   cc_spiSOMI
00009058   cc_spiSIMO
00009062   cc_spiCLK
0000906c   cc_spinCS
00009076   pinPort
000090d4   __TI_Handler_Table_Base
000090da   __TI_Handler_Table_Limit
000090de   __TI_CINIT_Base
000090e6   __TI_CINIT_Limit
0000ffe4   __TI_int02
0000ffe6   __TI_int03
0000ffea   __TI_int05
0000ffec   __TI_int06
0000ffee   __TI_int07
0000fff0   __TI_int08
0000fff2   __TI_int09
0000fff4   __TI_int10
0000fff8   __TI_int12
0000fffa   __TI_int13
0000fffc   __TI_int14
0000fffe   _reset_vector
ffffffff   __binit__
ffffffff   __c_args__
ffffffff   binit
UNDEFED    __TI_INITARRAY_Base
UNDEFED    __TI_INITARRAY_Limit

[243 symbols]
