******************************************************************************
                  MSP430 Linker PC v4.3.3                      
******************************************************************************
>> Linked Mon Nov 03 01:35:00 2014

OUTPUT FILE NAME:   <NodoUCC.out>
ENTRY POINT SYMBOL: "_c_int00"  address: 00008db4


MEMORY CONFIGURATION

         name            origin    length      used     unused   attr    fill
----------------------  --------  ---------  --------  --------  ----  --------
  SFR                   00000000   00000010  00000000  00000010  RWIX
  PERIPHERALS_8BIT      00000010   000000f0  00000000  000000f0  RWIX
  PERIPHERALS_16BIT     00000100   00000100  00000000  00000100  RWIX
  RAM                   00000200   00000400  000000b0  00000350  RWIX
  INFOD                 00001000   00000040  00000000  00000040  RWIX
  INFOC                 00001040   00000040  00000000  00000040  RWIX
  INFOB                 00001080   00000040  00000000  00000040  RWIX
  INFOA                 000010c0   00000040  00000000  00000040  RWIX
  FLASH                 00008000   00007fde  00001014  00006fca  RWIX
  INT00                 0000ffe0   00000002  00000000  00000002  RWIX
  INT01                 0000ffe2   00000002  00000000  00000002  RWIX
  INT02                 0000ffe4   00000002  00000002  00000000  RWIX
  INT03                 0000ffe6   00000002  00000002  00000000  RWIX
  INT04                 0000ffe8   00000002  00000000  00000002  RWIX
  INT05                 0000ffea   00000002  00000002  00000000  RWIX
  INT06                 0000ffec   00000002  00000002  00000000  RWIX
  INT07                 0000ffee   00000002  00000002  00000000  RWIX
  INT08                 0000fff0   00000002  00000002  00000000  RWIX
  INT09                 0000fff2   00000002  00000002  00000000  RWIX
  INT10                 0000fff4   00000002  00000002  00000000  RWIX
  INT11                 0000fff6   00000002  00000000  00000002  RWIX
  INT12                 0000fff8   00000002  00000002  00000000  RWIX
  INT13                 0000fffa   00000002  00000002  00000000  RWIX
  INT14                 0000fffc   00000002  00000002  00000000  RWIX
  RESET                 0000fffe   00000002  00000002  00000000  RWIX


SECTION ALLOCATION MAP

 output                                  attributes/
section   page    origin      length       input sections
--------  ----  ----------  ----------   ----------------
.init_array 
*          0    00008000    00000000     UNINITIALIZED

.bss       0    00000200    00000054     UNINITIALIZED
                  00000200    00000012     (.common:rxBuffer)
                  00000212    00000012     (.common:rxTrama)
                  00000224    00000012     (.common:txTrama)
                  00000236    00000002     (.common:Led1)
                  00000238    00000002     (.common:Led2)
                  0000023a    00000002     (.common:LedRojo)
                  0000023c    00000002     (.common:LedVerde)
                  0000023e    00000002     (.common:Sw)
                  00000240    00000002     (.common:Sw1)
                  00000242    00000002     (.common:Sw2)
                  00000244    00000002     (.common:Sw3)
                  00000246    00000002     (.common:Sw4)
                  00000248    00000002     (.common:bsp_contMs)
                  0000024a    00000002     (.common:spiBaseAdd)
                  0000024c    00000002     (.common:timeout_ack)
                  0000024e    00000001     (.common:bspFlags)
                  0000024f    00000001     (.common:idTrama)
                  00000250    00000001     (.common:idTramaRx)
                  00000251    00000001     (.common:netFlags)
                  00000252    00000001     (.common:req_retrans)
                  00000253    00000001     (.common:rxAddr)

.TI.noinit 
*          0    00000200    00000000     UNINITIALIZED

.data      0    00000254    0000000c     UNINITIALIZED
                  00000254    0000000a     main.obj (.data:datos)
                  0000025e    00000001     Network.obj (.data)
                  0000025f    00000001     bsp.obj (.data)

.TI.persistent 
*          0    00000254    00000000     UNINITIALIZED

.stack     0    000005b0    00000050     UNINITIALIZED
                  000005b0    00000002     rts430_eabi.lib : boot.obj (.stack)
                  000005b2    0000004e     --HOLE--

.text      0    00008000    00000f0a     
                  00008000    00000202     hal_pin.obj (.text:hal_pin_config)
                  00008202    00000194     hal_cc2500.obj (.text:hal_cc2500_WriteRFSettings)
                  00008396    000000fa     hal_cc2500.obj (.text:hal_cc2500_receivePacket)
                  00008490    000000e8     bsp.obj (.text:bsp_Init)
                  00008578    000000b4     hal_cc2500.obj (.text:hal_cc2500_sendPacket)
                  0000862c    000000a2     Network.obj (.text:net_analizarTrama)
                  000086ce    0000006c     Network.obj (.text:net_SendRequest)
                  0000873a    0000006a     Network.obj (.text:net_prossesNetwork)
                  000087a4    0000005e     rts430_eabi.lib : copy_decompress_rle.obj (.text:__TI_decompress_rle_core)
                  00008802    0000005e                     : autoinit.obj (.text:_auto_init)
                  00008860    0000005a     bsp.obj (.text:Port2_ISR)
                  000088ba    0000005a     Network.obj (.text:net_sendtrama)
                  00008914    00000054     hal_cc2500.obj (.text:hal_cc2500_writeBurstReg)
                  00008968    0000004a     hal_cc2500.obj (.text:hal_cc2500_readBurstReg)
                  000089b2    00000048     Network.obj (.text:net_SendResponse)
                  000089fa    00000040     hal_cc2500.obj (.text:hal_cc2500_writeReg)
                  00008a3a    0000003c     TI_MSP_UART.obj (.text:Init_UART)
                  00008a76    00000038     hal_pin.obj (.text:hal_pin_out)
                  00008aae    00000034     bsp.obj (.text:Ta1_ISR)
                  00008ae2    00000034     hal_cc2500.obj (.text:hal_cc2500_readReg)
                  00008b16    00000034     hal_cc2500.obj (.text:hal_cc2500_readStatus)
                  00008b4a    00000034     main.obj (.text:main)
                  00008b7e    00000030     hal_cc2500.obj (.text:hal_cc2500_status)
                  00008bae    0000002e     hal_cc2500.obj (.text:hal_cc2500_strobe)
                  00008bdc    0000002e     hal_usci_spi.obj (.text:spi1_setup)
                  00008c0a    0000002c     TI_MSP_UART.obj (.text:UART_Tx_string)
                  00008c36    0000002c     hal_usci_spi.obj (.text:spi1_wr)
                  00008c62    0000002a     bsp.obj (.text:rf_getRxPacket)
                  00008c8c    00000028     hal_cc2500.obj (.text:hal_cc2500_powerupReset)
                  00008cb4    00000024     bsp.obj (.text:ISR_UartRx)
                  00008cd8    00000024     hal_cc2500.obj (.text:hal_cc2500_wakeup)
                  00008cfc    00000022     hal_pin.obj (.text:hal_pin_init)
                  00008d1e    00000020     hal_pin.obj (.text:hal_pin_in)
                  00008d3e    00000020     hal_pin.obj (.text:hal_pin_intGetFlag)
                  00008d5e    0000001e     hal_usci_spi.obj (.text:spi1_rxFinish)
                  00008d7c    0000001c     Network.obj (.text:chksum)
                  00008d98    0000001c     hal_usci_spi.obj (.text:spi1_write)
                  00008db4    0000001a     rts430_eabi.lib : boot.obj (.text:_c_int00_noexit)
                  00008dce    00000018     hal_pin.obj (.text:hal_pin_intClearFlag)
                  00008de6    00000018     hal_pin.obj (.text:hal_pin_intDisable)
                  00008dfe    00000018     hal_pin.obj (.text:hal_pin_intEnable)
                  00008e16    00000018     hal_usci_spi.obj (.text:spi1_txBufReady)
                  00008e2e    00000014     rts430_eabi.lib : copy_zero_init.obj (.text:decompress:ZI:__TI_zero_init)
                  00008e42    00000014                     : memset.obj (.text:memset)
                  00008e56    00000014                     : mult16.obj (.text)
                  00008e6a    00000012                     : copy_decompress_none.obj (.text:decompress:none:__TI_decompress_none)
                  00008e7c    00000012                     : memcpy.obj (.text:memcpy)
                  00008e8e    00000012     Network.obj (.text:net_1ms_ISR)
                  00008ea0    00000010     rts430_eabi.lib : epilog.obj (.text)
                  00008eb0    0000000c     TI_MSP_UART.obj (.text:UART_Tx_char)
                  00008ebc    0000000c     bsp.obj (.text:bsp_DelayMs)
                  00008ec8    0000000c     hal_usci_spi.obj (.text:spi1_busy)
                  00008ed4    00000008     bsp.obj (.text:led_Off)
                  00008edc    00000008     bsp.obj (.text:led_On)
                  00008ee4    00000008     bsp.obj (.text:rf_rxDataReady)
                  00008eec    00000006     rts430_eabi.lib : isr_trap.obj (.text:__TI_ISR_TRAP)
                  00008ef2    00000006                     : copy_decompress_rle.obj (.text:decompress:rle24:__TI_decompress_rle24)
                  00008ef8    00000006     bsp.obj (.text:sw_getState)
                  00008efe    00000004     rts430_eabi.lib : pre_init.obj (.text:_system_pre_init)
                  00008f02    00000004                     : exit.obj (.text:abort)
                  00008f06    00000002     main.obj (.text:app_comando_reqTemp)
                  00008f08    00000002     main.obj (.text:app_comando_respTemp)

.const     0    00008f0a    000000ec     
                  00008f0a    00000096     bsp.obj (.const)
                  00008fa0    00000050     hal_pin.obj (.const:pinPort)
                  00008ff0    00000006     main.obj (.const:.string)

.cinit     0    00008ff6    0000001e     
                  00008ff6    0000000b     (.cinit..data.load) [load image, compression = rle]
                  00009001    00000001     --HOLE-- [fill = 0]
                  00009002    00000006     (__TI_handler_table)
                  00009008    00000004     (.cinit..bss.load) [load image, compression = zero_init]
                  0000900c    00000008     (__TI_cinit_table)

PORT1      0    0000ffe4    00000002     
                  0000ffe4    00000002     rts430_eabi.lib : int02.obj (.int02)

PORT2      0    0000ffe6    00000002     
                  0000ffe6    00000002     bsp.obj (.int03)

ADC10      0    0000ffea    00000002     
                  0000ffea    00000002     rts430_eabi.lib : int05.obj (.int05)

USCIAB0TX 
*          0    0000ffec    00000002     
                  0000ffec    00000002     rts430_eabi.lib : int06.obj (.int06)

USCIAB0RX 
*          0    0000ffee    00000002     
                  0000ffee    00000002     bsp.obj (.int07)

TIMERA1    0    0000fff0    00000002     
                  0000fff0    00000002     bsp.obj (.int08)

TIMERA0    0    0000fff2    00000002     
                  0000fff2    00000002     rts430_eabi.lib : int09.obj (.int09)

WDT        0    0000fff4    00000002     
                  0000fff4    00000002     rts430_eabi.lib : int10.obj (.int10)

TIMERB1    0    0000fff8    00000002     
                  0000fff8    00000002     rts430_eabi.lib : int12.obj (.int12)

TIMERB0    0    0000fffa    00000002     
                  0000fffa    00000002     rts430_eabi.lib : int13.obj (.int13)

NMI        0    0000fffc    00000002     
                  0000fffc    00000002     rts430_eabi.lib : int14.obj (.int14)

.reset     0    0000fffe    00000002     
                  0000fffe    00000002     rts430_eabi.lib : boot.obj (.reset)


LINKER GENERATED COPY TABLES

__TI_cinit_table @ 0000900c records: 2, size/record: 4, table size: 8
	.data: load addr=00008ff6, load size=0000000b bytes, run addr=00000254, run size=0000000c bytes, compression=rle
	.bss: load addr=00009008, load size=00000004 bytes, run addr=00000200, run size=00000054 bytes, compression=zero_init


LINKER GENERATED HANDLER TABLE

__TI_handler_table @ 00009002 records: 3, size/record: 2, table size: 6
	index: 0, handler: __TI_zero_init
	index: 1, handler: __TI_decompress_rle24
	index: 2, handler: __TI_decompress_none


GLOBAL SYMBOLS: SORTED ALPHABETICALLY BY Name 

address    name
--------   ----
0000004a   ADC10AE0
0000004b   ADC10AE1
000001b0   ADC10CTL0
000001b2   ADC10CTL1
00000048   ADC10DTC0
00000049   ADC10DTC1
000001b4   ADC10MEM
000001bc   ADC10SA
00000057   BCSCTL1
00000058   BCSCTL2
00000053   BCSCTL3
00008f02   C$$EXIT
000010fb   CALBC1_12MHZ
000010f9   CALBC1_16MHZ
000010ff   CALBC1_1MHZ
000010fd   CALBC1_8MHZ
000010fa   CALDCO_12MHZ
000010f8   CALDCO_16MHZ
000010fe   CALDCO_1MHZ
000010fc   CALDCO_8MHZ
00000056   DCOCTL
00000128   FCTL1
0000012a   FCTL2
0000012c   FCTL3
00000000   IE1
00000001   IE2
00000002   IFG1
00000003   IFG2
00008cb4   ISR_UartRx
00008a3a   Init_UART
00000236   Led1
00000238   Led2
0000023a   LedRojo
0000023c   LedVerde
000000c0   OA0CTL0
000000c1   OA0CTL1
000000c2   OA1CTL0
000000c3   OA1CTL1
00000022   P1DIR
00000025   P1IE
00000024   P1IES
00000023   P1IFG
00000020   P1IN
00000021   P1OUT
00000027   P1REN
00000026   P1SEL
0000002a   P2DIR
0000002d   P2IE
0000002c   P2IES
0000002b   P2IFG
00000028   P2IN
00000029   P2OUT
0000002f   P2REN
0000002e   P2SEL
0000001a   P3DIR
00000018   P3IN
00000019   P3OUT
00000010   P3REN
0000001b   P3SEL
0000001e   P4DIR
0000001c   P4IN
0000001d   P4OUT
00000011   P4REN
0000001f   P4SEL
00008860   Port2_ISR
0000023e   Sw
00000240   Sw1
00000242   Sw2
00000244   Sw3
00000246   Sw4
00000172   TACCR0
00000174   TACCR1
00000176   TACCR2
00000162   TACCTL0
00000164   TACCTL1
00000166   TACCTL2
00000160   TACTL
0000012e   TAIV
00000170   TAR
00000192   TBCCR0
00000194   TBCCR1
00000196   TBCCR2
00000182   TBCCTL0
00000184   TBCCTL1
00000186   TBCCTL2
00000180   TBCTL
0000011e   TBIV
00000190   TBR
00008aae   Ta1_ISR
00008eb0   UART_Tx_char
00008c0a   UART_Tx_string
0000005d   UCA0ABCTL
00000062   UCA0BR0
00000063   UCA0BR1
00000060   UCA0CTL0
00000061   UCA0CTL1
0000005f   UCA0IRRCTL
0000005e   UCA0IRTCTL
00000064   UCA0MCTL
00000066   UCA0RXBUF
00000065   UCA0STAT
00000067   UCA0TXBUF
0000006a   UCB0BR0
0000006b   UCB0BR1
00000068   UCB0CTL0
00000069   UCB0CTL1
0000006c   UCB0I2CIE
00000118   UCB0I2COA
0000011a   UCB0I2CSA
0000006e   UCB0RXBUF
0000006d   UCB0STAT
0000006f   UCB0TXBUF
00000120   WDTCTL
00000600   __STACK_END
00000050   __STACK_SIZE
0000900c   __TI_CINIT_Base
00009014   __TI_CINIT_Limit
00009002   __TI_Handler_Table_Base
00009008   __TI_Handler_Table_Limit
UNDEFED    __TI_INITARRAY_Base
UNDEFED    __TI_INITARRAY_Limit
00008eec   __TI_ISR_TRAP
00000001   __TI_args_main
00008e6a   __TI_decompress_none
00008ef2   __TI_decompress_rle24
00000001   __TI_exit
0000ffe4   __TI_int02
0000ffe6   __TI_int03
0000ffea   __TI_int05
0000ffec   __TI_int06
0000ffee   __TI_int07
0000fff0   __TI_int08
0000fff2   __TI_int09
0000fff4   __TI_int10
0000fff8   __TI_int12
0000fffa   __TI_int13
0000fffc   __TI_int14
00008e2e   __TI_zero_init
ffffffff   __binit__
ffffffff   __c_args__
00008eac   __mspabi_func_epilog_1
00008eaa   __mspabi_func_epilog_2
00008ea8   __mspabi_func_epilog_3
00008ea6   __mspabi_func_epilog_4
00008ea4   __mspabi_func_epilog_5
00008ea2   __mspabi_func_epilog_6
00008ea0   __mspabi_func_epilog_7
00008e56   __mspabi_mpyi
00008802   _auto_init
00008db4   _c_int00
00008db4   _c_int00_noexit
0000fffe   _reset_vector
000005b0   _stack
00008efe   _system_pre_init
00008f02   abort
00008f06   app_comando_reqTemp
00008f08   app_comando_respTemp
ffffffff   binit
0000024e   bspFlags
00008ebc   bsp_DelayMs
00008490   bsp_Init
00000248   bsp_contMs
00008f64   cc_gdo0
00008f6e   cc_gdo2
00008f8c   cc_spiCLK
00008f82   cc_spiSIMO
00008f78   cc_spiSOMI
00008f96   cc_spinCS
00008d7c   chksum
00000254   datos
00008202   hal_cc2500_WriteRFSettings
00008c8c   hal_cc2500_powerupReset
00008968   hal_cc2500_readBurstReg
00008ae2   hal_cc2500_readReg
00008b16   hal_cc2500_readStatus
00008396   hal_cc2500_receivePacket
00008578   hal_cc2500_sendPacket
00008b7e   hal_cc2500_status
00008bae   hal_cc2500_strobe
00008cd8   hal_cc2500_wakeup
00008914   hal_cc2500_writeBurstReg
000089fa   hal_cc2500_writeReg
00008000   hal_pin_config
00008d1e   hal_pin_in
00008cfc   hal_pin_init
00008dce   hal_pin_intClearFlag
00008de6   hal_pin_intDisable
00008dfe   hal_pin_intEnable
00008d3e   hal_pin_intGetFlag
00008a76   hal_pin_out
0000024f   idTrama
00000250   idTramaRx
00008ed4   led_Off
00008edc   led_On
00008b4a   main
00008e7c   memcpy
00008e42   memset
0000025e   myAddr
00000251   netFlags
00008e8e   net_1ms_ISR
000086ce   net_SendRequest
000089b2   net_SendResponse
0000862c   net_analizarTrama
0000873a   net_prossesNetwork
000088ba   net_sendtrama
00008f1e   pinLed1
00008f28   pinLed2
00008f0a   pinLedRojo
00008f14   pinLedVerde
00008fa0   pinPort
00008f32   pinSw
00008f3c   pinSw1
00008f46   pinSw2
00008f50   pinSw3
00008f5a   pinSw4
00000252   req_retrans
00008c62   rf_getRxPacket
0000025f   rf_rxBufferLen
00008ee4   rf_rxDataReady
00008578   rf_sendPacket
00000253   rxAddr
00000200   rxBuffer
00000212   rxTrama
00008ec8   spi1_busy
00008d5e   spi1_rxFinish
00008bdc   spi1_setup
00008e16   spi1_txBufReady
00008c36   spi1_wr
00008d98   spi1_write
0000024a   spiBaseAdd
00008ef8   sw_getState
0000024c   timeout_ack
00000224   txTrama


GLOBAL SYMBOLS: SORTED BY Symbol Address 

address    name
--------   ----
00000000   IE1
00000001   IE2
00000001   __TI_args_main
00000001   __TI_exit
00000002   IFG1
00000003   IFG2
00000010   P3REN
00000011   P4REN
00000018   P3IN
00000019   P3OUT
0000001a   P3DIR
0000001b   P3SEL
0000001c   P4IN
0000001d   P4OUT
0000001e   P4DIR
0000001f   P4SEL
00000020   P1IN
00000021   P1OUT
00000022   P1DIR
00000023   P1IFG
00000024   P1IES
00000025   P1IE
00000026   P1SEL
00000027   P1REN
00000028   P2IN
00000029   P2OUT
0000002a   P2DIR
0000002b   P2IFG
0000002c   P2IES
0000002d   P2IE
0000002e   P2SEL
0000002f   P2REN
00000048   ADC10DTC0
00000049   ADC10DTC1
0000004a   ADC10AE0
0000004b   ADC10AE1
00000050   __STACK_SIZE
00000053   BCSCTL3
00000056   DCOCTL
00000057   BCSCTL1
00000058   BCSCTL2
0000005d   UCA0ABCTL
0000005e   UCA0IRTCTL
0000005f   UCA0IRRCTL
00000060   UCA0CTL0
00000061   UCA0CTL1
00000062   UCA0BR0
00000063   UCA0BR1
00000064   UCA0MCTL
00000065   UCA0STAT
00000066   UCA0RXBUF
00000067   UCA0TXBUF
00000068   UCB0CTL0
00000069   UCB0CTL1
0000006a   UCB0BR0
0000006b   UCB0BR1
0000006c   UCB0I2CIE
0000006d   UCB0STAT
0000006e   UCB0RXBUF
0000006f   UCB0TXBUF
000000c0   OA0CTL0
000000c1   OA0CTL1
000000c2   OA1CTL0
000000c3   OA1CTL1
00000118   UCB0I2COA
0000011a   UCB0I2CSA
0000011e   TBIV
00000120   WDTCTL
00000128   FCTL1
0000012a   FCTL2
0000012c   FCTL3
0000012e   TAIV
00000160   TACTL
00000162   TACCTL0
00000164   TACCTL1
00000166   TACCTL2
00000170   TAR
00000172   TACCR0
00000174   TACCR1
00000176   TACCR2
00000180   TBCTL
00000182   TBCCTL0
00000184   TBCCTL1
00000186   TBCCTL2
00000190   TBR
00000192   TBCCR0
00000194   TBCCR1
00000196   TBCCR2
000001b0   ADC10CTL0
000001b2   ADC10CTL1
000001b4   ADC10MEM
000001bc   ADC10SA
00000200   rxBuffer
00000212   rxTrama
00000224   txTrama
00000236   Led1
00000238   Led2
0000023a   LedRojo
0000023c   LedVerde
0000023e   Sw
00000240   Sw1
00000242   Sw2
00000244   Sw3
00000246   Sw4
00000248   bsp_contMs
0000024a   spiBaseAdd
0000024c   timeout_ack
0000024e   bspFlags
0000024f   idTrama
00000250   idTramaRx
00000251   netFlags
00000252   req_retrans
00000253   rxAddr
00000254   datos
0000025e   myAddr
0000025f   rf_rxBufferLen
000005b0   _stack
00000600   __STACK_END
000010f8   CALDCO_16MHZ
000010f9   CALBC1_16MHZ
000010fa   CALDCO_12MHZ
000010fb   CALBC1_12MHZ
000010fc   CALDCO_8MHZ
000010fd   CALBC1_8MHZ
000010fe   CALDCO_1MHZ
000010ff   CALBC1_1MHZ
00008000   hal_pin_config
00008202   hal_cc2500_WriteRFSettings
00008396   hal_cc2500_receivePacket
00008490   bsp_Init
00008578   hal_cc2500_sendPacket
00008578   rf_sendPacket
0000862c   net_analizarTrama
000086ce   net_SendRequest
0000873a   net_prossesNetwork
00008802   _auto_init
00008860   Port2_ISR
000088ba   net_sendtrama
00008914   hal_cc2500_writeBurstReg
00008968   hal_cc2500_readBurstReg
000089b2   net_SendResponse
000089fa   hal_cc2500_writeReg
00008a3a   Init_UART
00008a76   hal_pin_out
00008aae   Ta1_ISR
00008ae2   hal_cc2500_readReg
00008b16   hal_cc2500_readStatus
00008b4a   main
00008b7e   hal_cc2500_status
00008bae   hal_cc2500_strobe
00008bdc   spi1_setup
00008c0a   UART_Tx_string
00008c36   spi1_wr
00008c62   rf_getRxPacket
00008c8c   hal_cc2500_powerupReset
00008cb4   ISR_UartRx
00008cd8   hal_cc2500_wakeup
00008cfc   hal_pin_init
00008d1e   hal_pin_in
00008d3e   hal_pin_intGetFlag
00008d5e   spi1_rxFinish
00008d7c   chksum
00008d98   spi1_write
00008db4   _c_int00
00008db4   _c_int00_noexit
00008dce   hal_pin_intClearFlag
00008de6   hal_pin_intDisable
00008dfe   hal_pin_intEnable
00008e16   spi1_txBufReady
00008e2e   __TI_zero_init
00008e42   memset
00008e56   __mspabi_mpyi
00008e6a   __TI_decompress_none
00008e7c   memcpy
00008e8e   net_1ms_ISR
00008ea0   __mspabi_func_epilog_7
00008ea2   __mspabi_func_epilog_6
00008ea4   __mspabi_func_epilog_5
00008ea6   __mspabi_func_epilog_4
00008ea8   __mspabi_func_epilog_3
00008eaa   __mspabi_func_epilog_2
00008eac   __mspabi_func_epilog_1
00008eb0   UART_Tx_char
00008ebc   bsp_DelayMs
00008ec8   spi1_busy
00008ed4   led_Off
00008edc   led_On
00008ee4   rf_rxDataReady
00008eec   __TI_ISR_TRAP
00008ef2   __TI_decompress_rle24
00008ef8   sw_getState
00008efe   _system_pre_init
00008f02   C$$EXIT
00008f02   abort
00008f06   app_comando_reqTemp
00008f08   app_comando_respTemp
00008f0a   pinLedRojo
00008f14   pinLedVerde
00008f1e   pinLed1
00008f28   pinLed2
00008f32   pinSw
00008f3c   pinSw1
00008f46   pinSw2
00008f50   pinSw3
00008f5a   pinSw4
00008f64   cc_gdo0
00008f6e   cc_gdo2
00008f78   cc_spiSOMI
00008f82   cc_spiSIMO
00008f8c   cc_spiCLK
00008f96   cc_spinCS
00008fa0   pinPort
00009002   __TI_Handler_Table_Base
00009008   __TI_Handler_Table_Limit
0000900c   __TI_CINIT_Base
00009014   __TI_CINIT_Limit
0000ffe4   __TI_int02
0000ffe6   __TI_int03
0000ffea   __TI_int05
0000ffec   __TI_int06
0000ffee   __TI_int07
0000fff0   __TI_int08
0000fff2   __TI_int09
0000fff4   __TI_int10
0000fff8   __TI_int12
0000fffa   __TI_int13
0000fffc   __TI_int14
0000fffe   _reset_vector
ffffffff   __binit__
ffffffff   __c_args__
ffffffff   binit
UNDEFED    __TI_INITARRAY_Base
UNDEFED    __TI_INITARRAY_Limit

[233 symbols]
