******************************************************************************
                  MSP430 Linker PC v4.3.3                      
******************************************************************************
>> Linked Tue Nov 04 01:00:14 2014

OUTPUT FILE NAME:   <NodoUCC.out>
ENTRY POINT SYMBOL: "_c_int00"  address: 00008fa0


MEMORY CONFIGURATION

         name            origin    length      used     unused   attr    fill
----------------------  --------  ---------  --------  --------  ----  --------
  SFR                   00000000   00000010  00000000  00000010  RWIX
  PERIPHERALS_8BIT      00000010   000000f0  00000000  000000f0  RWIX
  PERIPHERALS_16BIT     00000100   00000100  00000000  00000100  RWIX
  RAM                   00000200   00000400  000000b8  00000348  RWIX
  INFOD                 00001000   00000040  00000000  00000040  RWIX
  INFOC                 00001040   00000040  00000000  00000040  RWIX
  INFOB                 00001080   00000040  00000000  00000040  RWIX
  INFOA                 000010c0   00000040  00000000  00000040  RWIX
  FLASH                 00008000   00007fde  00001294  00006d4a  RWIX
  INT00                 0000ffe0   00000002  00000000  00000002  RWIX
  INT01                 0000ffe2   00000002  00000000  00000002  RWIX
  INT02                 0000ffe4   00000002  00000002  00000000  RWIX
  INT03                 0000ffe6   00000002  00000002  00000000  RWIX
  INT04                 0000ffe8   00000002  00000000  00000002  RWIX
  INT05                 0000ffea   00000002  00000002  00000000  RWIX
  INT06                 0000ffec   00000002  00000002  00000000  RWIX
  INT07                 0000ffee   00000002  00000002  00000000  RWIX
  INT08                 0000fff0   00000002  00000002  00000000  RWIX
  INT09                 0000fff2   00000002  00000002  00000000  RWIX
  INT10                 0000fff4   00000002  00000002  00000000  RWIX
  INT11                 0000fff6   00000002  00000000  00000002  RWIX
  INT12                 0000fff8   00000002  00000002  00000000  RWIX
  INT13                 0000fffa   00000002  00000002  00000000  RWIX
  INT14                 0000fffc   00000002  00000002  00000000  RWIX
  RESET                 0000fffe   00000002  00000002  00000000  RWIX


SECTION ALLOCATION MAP

 output                                  attributes/
section   page    origin      length       input sections
--------  ----  ----------  ----------   ----------------
.init_array 
*          0    00008000    00000000     UNINITIALIZED

.bss       0    00000200    0000005b     UNINITIALIZED
                  00000200    00000012     (.common:rxBuffer)
                  00000212    00000012     (.common:rxTrama)
                  00000224    00000012     (.common:txTrama)
                  00000236    00000007     (.common:rx)
                  0000023d    00000001     (.common:bspFlags)
                  0000023e    00000002     (.common:Led1)
                  00000240    00000002     (.common:Led2)
                  00000242    00000002     (.common:LedRojo)
                  00000244    00000002     (.common:LedVerde)
                  00000246    00000002     (.common:Sw)
                  00000248    00000002     (.common:Sw1)
                  0000024a    00000002     (.common:Sw2)
                  0000024c    00000002     (.common:Sw3)
                  0000024e    00000002     (.common:Sw4)
                  00000250    00000002     (.common:bsp_contMs)
                  00000252    00000002     (.common:spiBaseAdd)
                  00000254    00000002     (.common:timeout_ack)
                  00000256    00000001     (.common:idTrama)
                  00000257    00000001     (.common:idTramaRx)
                  00000258    00000001     (.common:netFlags)
                  00000259    00000001     (.common:req_retrans)
                  0000025a    00000001     (.common:rxAddr)

.TI.noinit 
*          0    00000200    00000000     UNINITIALIZED

.data      0    0000025c    0000000d     UNINITIALIZED
                  0000025c    0000000a     main.obj (.data:datos)
                  00000266    00000001     Network.obj (.data)
                  00000267    00000001     bsp.obj (.data)
                  00000268    00000001     main.obj (.data)

.TI.persistent 
*          0    0000025c    00000000     UNINITIALIZED

.stack     0    000005b0    00000050     UNINITIALIZED
                  000005b0    00000002     rts430_eabi.lib : boot.obj (.stack)
                  000005b2    0000004e     --HOLE--

.text      0    00008000    00001118     
                  00008000    00000202     hal_pin.obj (.text:hal_pin_config)
                  00008202    00000194     hal_cc2500.obj (.text:hal_cc2500_WriteRFSettings)
                  00008396    000000fa     hal_cc2500.obj (.text:hal_cc2500_receivePacket)
                  00008490    000000e8     bsp.obj (.text:bsp_Init)
                  00008578    000000c2     Network.obj (.text:net_analizarTrama)
                  0000863a    000000be     main.obj (.text:analizar_trama_uartrx)
                  000086f8    000000b4     hal_cc2500.obj (.text:hal_cc2500_sendPacket)
                  000087ac    0000006c     Network.obj (.text:net_SendRequest)
                  00008818    0000006a     main.obj (.text:main)
                  00008882    0000006a     Network.obj (.text:net_prossesNetwork)
                  000088ec    0000005e     rts430_eabi.lib : copy_decompress_rle.obj (.text:__TI_decompress_rle_core)
                  0000894a    0000005e                     : autoinit.obj (.text:_auto_init)
                  000089a8    0000005a     bsp.obj (.text:Port2_ISR)
                  00008a02    0000005a     Network.obj (.text:net_sendtrama)
                  00008a5c    00000054     hal_cc2500.obj (.text:hal_cc2500_writeBurstReg)
                  00008ab0    0000004e     main.obj (.text:analizar_dato_uartrx)
                  00008afe    0000004a     hal_cc2500.obj (.text:hal_cc2500_readBurstReg)
                  00008b48    00000048     Network.obj (.text:net_SendResponse)
                  00008b90    00000040     main.obj (.text:app_comando_reqLed)
                  00008bd0    00000040     hal_cc2500.obj (.text:hal_cc2500_writeReg)
                  00008c10    0000003c     TI_MSP_UART.obj (.text:Init_UART)
                  00008c4c    00000038     hal_pin.obj (.text:hal_pin_out)
                  00008c84    00000034     bsp.obj (.text:Ta1_ISR)
                  00008cb8    00000034     hal_cc2500.obj (.text:hal_cc2500_readReg)
                  00008cec    00000034     hal_cc2500.obj (.text:hal_cc2500_readStatus)
                  00008d20    00000030     hal_cc2500.obj (.text:hal_cc2500_status)
                  00008d50    0000002e     hal_cc2500.obj (.text:hal_cc2500_strobe)
                  00008d7e    0000002e     hal_usci_spi.obj (.text:spi1_setup)
                  00008dac    0000002c     TI_MSP_UART.obj (.text:UART_Tx_string)
                  00008dd8    0000002c     hal_usci_spi.obj (.text:spi1_wr)
                  00008e04    0000002a     bsp.obj (.text:rf_getRxPacket)
                  00008e2e    00000028     main.obj (.text:APP_ISR_uartrx)
                  00008e56    00000028     hal_cc2500.obj (.text:hal_cc2500_powerupReset)
                  00008e7e    00000026     rts430_eabi.lib : strncmp.obj (.text:strncmp)
                  00008ea4    00000024     hal_cc2500.obj (.text:hal_cc2500_wakeup)
                  00008ec8    00000022     hal_pin.obj (.text:hal_pin_init)
                  00008eea    00000020     bsp.obj (.text:ISR_UartRx)
                  00008f0a    00000020     hal_pin.obj (.text:hal_pin_in)
                  00008f2a    00000020     hal_pin.obj (.text:hal_pin_intGetFlag)
                  00008f4a    0000001e     hal_usci_spi.obj (.text:spi1_rxFinish)
                  00008f68    0000001c     Network.obj (.text:chksum)
                  00008f84    0000001c     hal_usci_spi.obj (.text:spi1_write)
                  00008fa0    0000001a     rts430_eabi.lib : boot.obj (.text:_c_int00_noexit)
                  00008fba    00000018     hal_pin.obj (.text:hal_pin_intClearFlag)
                  00008fd2    00000018     hal_pin.obj (.text:hal_pin_intDisable)
                  00008fea    00000018     hal_pin.obj (.text:hal_pin_intEnable)
                  00009002    00000018     hal_usci_spi.obj (.text:spi1_txBufReady)
                  0000901a    00000016     main.obj (.text:borrar_uartrx_buffer)
                  00009030    00000014     rts430_eabi.lib : copy_zero_init.obj (.text:decompress:ZI:__TI_zero_init)
                  00009044    00000014                     : memset.obj (.text:memset)
                  00009058    00000014                     : mult16.obj (.text)
                  0000906c    00000012     bsp.obj (.text:UART_Rx_char)
                  0000907e    00000012     rts430_eabi.lib : copy_decompress_none.obj (.text:decompress:none:__TI_decompress_none)
                  00009090    00000012                     : memcpy.obj (.text:memcpy)
                  000090a2    00000012     Network.obj (.text:net_1ms_ISR)
                  000090b4    00000010     rts430_eabi.lib : epilog.obj (.text)
                  000090c4    0000000c     TI_MSP_UART.obj (.text:UART_Tx_char)
                  000090d0    0000000c     bsp.obj (.text:bsp_DelayMs)
                  000090dc    0000000c     hal_usci_spi.obj (.text:spi1_busy)
                  000090e8    00000008     bsp.obj (.text:led_Off)
                  000090f0    00000008     bsp.obj (.text:led_On)
                  000090f8    00000008     bsp.obj (.text:rf_rxDataReady)
                  00009100    00000006     rts430_eabi.lib : isr_trap.obj (.text:__TI_ISR_TRAP)
                  00009106    00000006                     : copy_decompress_rle.obj (.text:decompress:rle24:__TI_decompress_rle24)
                  0000910c    00000004                     : pre_init.obj (.text:_system_pre_init)
                  00009110    00000004                     : exit.obj (.text:abort)
                  00009114    00000002     main.obj (.text:app_comando_reqTemp)
                  00009116    00000002     main.obj (.text:app_comando_respTemp)

.const     0    00009118    0000015e     
                  00009118    00000096     bsp.obj (.const)
                  000091ae    00000078     main.obj (.const:.string)
                  00009226    00000050     hal_pin.obj (.const:pinPort)

.cinit     0    00009276    0000001e     
                  00009276    0000000c     (.cinit..data.load) [load image, compression = rle]
                  00009282    00000006     (__TI_handler_table)
                  00009288    00000004     (.cinit..bss.load) [load image, compression = zero_init]
                  0000928c    00000008     (__TI_cinit_table)

PORT1      0    0000ffe4    00000002     
                  0000ffe4    00000002     rts430_eabi.lib : int02.obj (.int02)

PORT2      0    0000ffe6    00000002     
                  0000ffe6    00000002     bsp.obj (.int03)

ADC10      0    0000ffea    00000002     
                  0000ffea    00000002     rts430_eabi.lib : int05.obj (.int05)

USCIAB0TX 
*          0    0000ffec    00000002     
                  0000ffec    00000002     rts430_eabi.lib : int06.obj (.int06)

USCIAB0RX 
*          0    0000ffee    00000002     
                  0000ffee    00000002     bsp.obj (.int07)

TIMERA1    0    0000fff0    00000002     
                  0000fff0    00000002     bsp.obj (.int08)

TIMERA0    0    0000fff2    00000002     
                  0000fff2    00000002     rts430_eabi.lib : int09.obj (.int09)

WDT        0    0000fff4    00000002     
                  0000fff4    00000002     rts430_eabi.lib : int10.obj (.int10)

TIMERB1    0    0000fff8    00000002     
                  0000fff8    00000002     rts430_eabi.lib : int12.obj (.int12)

TIMERB0    0    0000fffa    00000002     
                  0000fffa    00000002     rts430_eabi.lib : int13.obj (.int13)

NMI        0    0000fffc    00000002     
                  0000fffc    00000002     rts430_eabi.lib : int14.obj (.int14)

.reset     0    0000fffe    00000002     
                  0000fffe    00000002     rts430_eabi.lib : boot.obj (.reset)


LINKER GENERATED COPY TABLES

__TI_cinit_table @ 0000928c records: 2, size/record: 4, table size: 8
	.data: load addr=00009276, load size=0000000c bytes, run addr=0000025c, run size=0000000d bytes, compression=rle
	.bss: load addr=00009288, load size=00000004 bytes, run addr=00000200, run size=0000005b bytes, compression=zero_init


LINKER GENERATED HANDLER TABLE

__TI_handler_table @ 00009282 records: 3, size/record: 2, table size: 6
	index: 0, handler: __TI_zero_init
	index: 1, handler: __TI_decompress_rle24
	index: 2, handler: __TI_decompress_none


GLOBAL SYMBOLS: SORTED ALPHABETICALLY BY Name 

address    name
--------   ----
0000004a   ADC10AE0
0000004b   ADC10AE1
000001b0   ADC10CTL0
000001b2   ADC10CTL1
00000048   ADC10DTC0
00000049   ADC10DTC1
000001b4   ADC10MEM
000001bc   ADC10SA
00008e2e   APP_ISR_uartrx
00000057   BCSCTL1
00000058   BCSCTL2
00000053   BCSCTL3
00009110   C$$EXIT
000010fb   CALBC1_12MHZ
000010f9   CALBC1_16MHZ
000010ff   CALBC1_1MHZ
000010fd   CALBC1_8MHZ
000010fa   CALDCO_12MHZ
000010f8   CALDCO_16MHZ
000010fe   CALDCO_1MHZ
000010fc   CALDCO_8MHZ
00000056   DCOCTL
00000128   FCTL1
0000012a   FCTL2
0000012c   FCTL3
00000000   IE1
00000001   IE2
00000002   IFG1
00000003   IFG2
00008eea   ISR_UartRx
00008c10   Init_UART
0000023e   Led1
00000240   Led2
00000242   LedRojo
00000244   LedVerde
000000c0   OA0CTL0
000000c1   OA0CTL1
000000c2   OA1CTL0
000000c3   OA1CTL1
00000022   P1DIR
00000025   P1IE
00000024   P1IES
00000023   P1IFG
00000020   P1IN
00000021   P1OUT
00000027   P1REN
00000026   P1SEL
0000002a   P2DIR
0000002d   P2IE
0000002c   P2IES
0000002b   P2IFG
00000028   P2IN
00000029   P2OUT
0000002f   P2REN
0000002e   P2SEL
0000001a   P3DIR
00000018   P3IN
00000019   P3OUT
00000010   P3REN
0000001b   P3SEL
0000001e   P4DIR
0000001c   P4IN
0000001d   P4OUT
00000011   P4REN
0000001f   P4SEL
000089a8   Port2_ISR
00000246   Sw
00000248   Sw1
0000024a   Sw2
0000024c   Sw3
0000024e   Sw4
00000172   TACCR0
00000174   TACCR1
00000176   TACCR2
00000162   TACCTL0
00000164   TACCTL1
00000166   TACCTL2
00000160   TACTL
0000012e   TAIV
00000170   TAR
00000192   TBCCR0
00000194   TBCCR1
00000196   TBCCR2
00000182   TBCCTL0
00000184   TBCCTL1
00000186   TBCCTL2
00000180   TBCTL
0000011e   TBIV
00000190   TBR
00008c84   Ta1_ISR
0000906c   UART_Rx_char
000090c4   UART_Tx_char
00008dac   UART_Tx_string
0000005d   UCA0ABCTL
00000062   UCA0BR0
00000063   UCA0BR1
00000060   UCA0CTL0
00000061   UCA0CTL1
0000005f   UCA0IRRCTL
0000005e   UCA0IRTCTL
00000064   UCA0MCTL
00000066   UCA0RXBUF
00000065   UCA0STAT
00000067   UCA0TXBUF
0000006a   UCB0BR0
0000006b   UCB0BR1
00000068   UCB0CTL0
00000069   UCB0CTL1
0000006c   UCB0I2CIE
00000118   UCB0I2COA
0000011a   UCB0I2CSA
0000006e   UCB0RXBUF
0000006d   UCB0STAT
0000006f   UCB0TXBUF
00000120   WDTCTL
00000600   __STACK_END
00000050   __STACK_SIZE
0000928c   __TI_CINIT_Base
00009294   __TI_CINIT_Limit
00009282   __TI_Handler_Table_Base
00009288   __TI_Handler_Table_Limit
UNDEFED    __TI_INITARRAY_Base
UNDEFED    __TI_INITARRAY_Limit
00009100   __TI_ISR_TRAP
00000001   __TI_args_main
0000907e   __TI_decompress_none
00009106   __TI_decompress_rle24
00000001   __TI_exit
0000ffe4   __TI_int02
0000ffe6   __TI_int03
0000ffea   __TI_int05
0000ffec   __TI_int06
0000ffee   __TI_int07
0000fff0   __TI_int08
0000fff2   __TI_int09
0000fff4   __TI_int10
0000fff8   __TI_int12
0000fffa   __TI_int13
0000fffc   __TI_int14
00009030   __TI_zero_init
ffffffff   __binit__
ffffffff   __c_args__
000090c0   __mspabi_func_epilog_1
000090be   __mspabi_func_epilog_2
000090bc   __mspabi_func_epilog_3
000090ba   __mspabi_func_epilog_4
000090b8   __mspabi_func_epilog_5
000090b6   __mspabi_func_epilog_6
000090b4   __mspabi_func_epilog_7
00009058   __mspabi_mpyi
0000894a   _auto_init
00008fa0   _c_int00
00008fa0   _c_int00_noexit
0000fffe   _reset_vector
000005b0   _stack
0000910c   _system_pre_init
00009110   abort
00008ab0   analizar_dato_uartrx
0000863a   analizar_trama_uartrx
00008b90   app_comando_reqLed
00009114   app_comando_reqTemp
00009116   app_comando_respTemp
ffffffff   binit
0000901a   borrar_uartrx_buffer
0000023d   bspFlags
000090d0   bsp_DelayMs
00008490   bsp_Init
00000250   bsp_contMs
00009172   cc_gdo0
0000917c   cc_gdo2
0000919a   cc_spiCLK
00009190   cc_spiSIMO
00009186   cc_spiSOMI
000091a4   cc_spinCS
00008f68   chksum
0000025c   datos
00008202   hal_cc2500_WriteRFSettings
00008e56   hal_cc2500_powerupReset
00008afe   hal_cc2500_readBurstReg
00008cb8   hal_cc2500_readReg
00008cec   hal_cc2500_readStatus
00008396   hal_cc2500_receivePacket
000086f8   hal_cc2500_sendPacket
00008d20   hal_cc2500_status
00008d50   hal_cc2500_strobe
00008ea4   hal_cc2500_wakeup
00008a5c   hal_cc2500_writeBurstReg
00008bd0   hal_cc2500_writeReg
00008000   hal_pin_config
00008f0a   hal_pin_in
00008ec8   hal_pin_init
00008fba   hal_pin_intClearFlag
00008fd2   hal_pin_intDisable
00008fea   hal_pin_intEnable
00008f2a   hal_pin_intGetFlag
00008c4c   hal_pin_out
00000256   idTrama
00000257   idTramaRx
000090e8   led_Off
000090f0   led_On
00008818   main
00009090   memcpy
00009044   memset
00000266   myAddr
00000258   netFlags
000090a2   net_1ms_ISR
000087ac   net_SendRequest
00008b48   net_SendResponse
00008578   net_analizarTrama
00008882   net_prossesNetwork
00008a02   net_sendtrama
0000912c   pinLed1
00009136   pinLed2
00009118   pinLedRojo
00009122   pinLedVerde
00009226   pinPort
00009140   pinSw
0000914a   pinSw1
00009154   pinSw2
0000915e   pinSw3
00009168   pinSw4
00000259   req_retrans
00008e04   rf_getRxPacket
00000267   rf_rxBufferLen
000090f8   rf_rxDataReady
000086f8   rf_sendPacket
00000236   rx
0000025a   rxAddr
00000200   rxBuffer
00000212   rxTrama
000090dc   spi1_busy
00008f4a   spi1_rxFinish
00008d7e   spi1_setup
00009002   spi1_txBufReady
00008dd8   spi1_wr
00008f84   spi1_write
00000252   spiBaseAdd
00008e7e   strncmp
00000254   timeout_ack
00000224   txTrama


GLOBAL SYMBOLS: SORTED BY Symbol Address 

address    name
--------   ----
00000000   IE1
00000001   IE2
00000001   __TI_args_main
00000001   __TI_exit
00000002   IFG1
00000003   IFG2
00000010   P3REN
00000011   P4REN
00000018   P3IN
00000019   P3OUT
0000001a   P3DIR
0000001b   P3SEL
0000001c   P4IN
0000001d   P4OUT
0000001e   P4DIR
0000001f   P4SEL
00000020   P1IN
00000021   P1OUT
00000022   P1DIR
00000023   P1IFG
00000024   P1IES
00000025   P1IE
00000026   P1SEL
00000027   P1REN
00000028   P2IN
00000029   P2OUT
0000002a   P2DIR
0000002b   P2IFG
0000002c   P2IES
0000002d   P2IE
0000002e   P2SEL
0000002f   P2REN
00000048   ADC10DTC0
00000049   ADC10DTC1
0000004a   ADC10AE0
0000004b   ADC10AE1
00000050   __STACK_SIZE
00000053   BCSCTL3
00000056   DCOCTL
00000057   BCSCTL1
00000058   BCSCTL2
0000005d   UCA0ABCTL
0000005e   UCA0IRTCTL
0000005f   UCA0IRRCTL
00000060   UCA0CTL0
00000061   UCA0CTL1
00000062   UCA0BR0
00000063   UCA0BR1
00000064   UCA0MCTL
00000065   UCA0STAT
00000066   UCA0RXBUF
00000067   UCA0TXBUF
00000068   UCB0CTL0
00000069   UCB0CTL1
0000006a   UCB0BR0
0000006b   UCB0BR1
0000006c   UCB0I2CIE
0000006d   UCB0STAT
0000006e   UCB0RXBUF
0000006f   UCB0TXBUF
000000c0   OA0CTL0
000000c1   OA0CTL1
000000c2   OA1CTL0
000000c3   OA1CTL1
00000118   UCB0I2COA
0000011a   UCB0I2CSA
0000011e   TBIV
00000120   WDTCTL
00000128   FCTL1
0000012a   FCTL2
0000012c   FCTL3
0000012e   TAIV
00000160   TACTL
00000162   TACCTL0
00000164   TACCTL1
00000166   TACCTL2
00000170   TAR
00000172   TACCR0
00000174   TACCR1
00000176   TACCR2
00000180   TBCTL
00000182   TBCCTL0
00000184   TBCCTL1
00000186   TBCCTL2
00000190   TBR
00000192   TBCCR0
00000194   TBCCR1
00000196   TBCCR2
000001b0   ADC10CTL0
000001b2   ADC10CTL1
000001b4   ADC10MEM
000001bc   ADC10SA
00000200   rxBuffer
00000212   rxTrama
00000224   txTrama
00000236   rx
0000023d   bspFlags
0000023e   Led1
00000240   Led2
00000242   LedRojo
00000244   LedVerde
00000246   Sw
00000248   Sw1
0000024a   Sw2
0000024c   Sw3
0000024e   Sw4
00000250   bsp_contMs
00000252   spiBaseAdd
00000254   timeout_ack
00000256   idTrama
00000257   idTramaRx
00000258   netFlags
00000259   req_retrans
0000025a   rxAddr
0000025c   datos
00000266   myAddr
00000267   rf_rxBufferLen
000005b0   _stack
00000600   __STACK_END
000010f8   CALDCO_16MHZ
000010f9   CALBC1_16MHZ
000010fa   CALDCO_12MHZ
000010fb   CALBC1_12MHZ
000010fc   CALDCO_8MHZ
000010fd   CALBC1_8MHZ
000010fe   CALDCO_1MHZ
000010ff   CALBC1_1MHZ
00008000   hal_pin_config
00008202   hal_cc2500_WriteRFSettings
00008396   hal_cc2500_receivePacket
00008490   bsp_Init
00008578   net_analizarTrama
0000863a   analizar_trama_uartrx
000086f8   hal_cc2500_sendPacket
000086f8   rf_sendPacket
000087ac   net_SendRequest
00008818   main
00008882   net_prossesNetwork
0000894a   _auto_init
000089a8   Port2_ISR
00008a02   net_sendtrama
00008a5c   hal_cc2500_writeBurstReg
00008ab0   analizar_dato_uartrx
00008afe   hal_cc2500_readBurstReg
00008b48   net_SendResponse
00008b90   app_comando_reqLed
00008bd0   hal_cc2500_writeReg
00008c10   Init_UART
00008c4c   hal_pin_out
00008c84   Ta1_ISR
00008cb8   hal_cc2500_readReg
00008cec   hal_cc2500_readStatus
00008d20   hal_cc2500_status
00008d50   hal_cc2500_strobe
00008d7e   spi1_setup
00008dac   UART_Tx_string
00008dd8   spi1_wr
00008e04   rf_getRxPacket
00008e2e   APP_ISR_uartrx
00008e56   hal_cc2500_powerupReset
00008e7e   strncmp
00008ea4   hal_cc2500_wakeup
00008ec8   hal_pin_init
00008eea   ISR_UartRx
00008f0a   hal_pin_in
00008f2a   hal_pin_intGetFlag
00008f4a   spi1_rxFinish
00008f68   chksum
00008f84   spi1_write
00008fa0   _c_int00
00008fa0   _c_int00_noexit
00008fba   hal_pin_intClearFlag
00008fd2   hal_pin_intDisable
00008fea   hal_pin_intEnable
00009002   spi1_txBufReady
0000901a   borrar_uartrx_buffer
00009030   __TI_zero_init
00009044   memset
00009058   __mspabi_mpyi
0000906c   UART_Rx_char
0000907e   __TI_decompress_none
00009090   memcpy
000090a2   net_1ms_ISR
000090b4   __mspabi_func_epilog_7
000090b6   __mspabi_func_epilog_6
000090b8   __mspabi_func_epilog_5
000090ba   __mspabi_func_epilog_4
000090bc   __mspabi_func_epilog_3
000090be   __mspabi_func_epilog_2
000090c0   __mspabi_func_epilog_1
000090c4   UART_Tx_char
000090d0   bsp_DelayMs
000090dc   spi1_busy
000090e8   led_Off
000090f0   led_On
000090f8   rf_rxDataReady
00009100   __TI_ISR_TRAP
00009106   __TI_decompress_rle24
0000910c   _system_pre_init
00009110   C$$EXIT
00009110   abort
00009114   app_comando_reqTemp
00009116   app_comando_respTemp
00009118   pinLedRojo
00009122   pinLedVerde
0000912c   pinLed1
00009136   pinLed2
00009140   pinSw
0000914a   pinSw1
00009154   pinSw2
0000915e   pinSw3
00009168   pinSw4
00009172   cc_gdo0
0000917c   cc_gdo2
00009186   cc_spiSOMI
00009190   cc_spiSIMO
0000919a   cc_spiCLK
000091a4   cc_spinCS
00009226   pinPort
00009282   __TI_Handler_Table_Base
00009288   __TI_Handler_Table_Limit
0000928c   __TI_CINIT_Base
00009294   __TI_CINIT_Limit
0000ffe4   __TI_int02
0000ffe6   __TI_int03
0000ffea   __TI_int05
0000ffec   __TI_int06
0000ffee   __TI_int07
0000fff0   __TI_int08
0000fff2   __TI_int09
0000fff4   __TI_int10
0000fff8   __TI_int12
0000fffa   __TI_int13
0000fffc   __TI_int14
0000fffe   _reset_vector
ffffffff   __binit__
ffffffff   __c_args__
ffffffff   binit
UNDEFED    __TI_INITARRAY_Base
UNDEFED    __TI_INITARRAY_Limit

[240 symbols]
